Archive member included to satisfy reference by file (symbol)

c:/eclipse/systemworkbench/plugins/fr.ac6.mcu.externaltools.arm-none.win32_1.13.3.201707031232/tools/compiler/bin/../lib/gcc/arm-none-eabi/5.4.1/../../../../arm-none-eabi/lib/armv7e-m/fpu\libc_nano.a(lib_a-exit.o)
                              c:/eclipse/systemworkbench/plugins/fr.ac6.mcu.externaltools.arm-none.win32_1.13.3.201707031232/tools/compiler/bin/../lib/gcc/arm-none-eabi/5.4.1/../../../../arm-none-eabi/lib/armv7e-m/fpu/crt0.o (exit)
c:/eclipse/systemworkbench/plugins/fr.ac6.mcu.externaltools.arm-none.win32_1.13.3.201707031232/tools/compiler/bin/../lib/gcc/arm-none-eabi/5.4.1/../../../../arm-none-eabi/lib/armv7e-m/fpu\libc_nano.a(lib_a-impure.o)
                              c:/eclipse/systemworkbench/plugins/fr.ac6.mcu.externaltools.arm-none.win32_1.13.3.201707031232/tools/compiler/bin/../lib/gcc/arm-none-eabi/5.4.1/../../../../arm-none-eabi/lib/armv7e-m/fpu\libc_nano.a(lib_a-exit.o) (_global_impure_ptr)
c:/eclipse/systemworkbench/plugins/fr.ac6.mcu.externaltools.arm-none.win32_1.13.3.201707031232/tools/compiler/bin/../lib/gcc/arm-none-eabi/5.4.1/../../../../arm-none-eabi/lib/armv7e-m/fpu\libc_nano.a(lib_a-init.o)
                              c:/eclipse/systemworkbench/plugins/fr.ac6.mcu.externaltools.arm-none.win32_1.13.3.201707031232/tools/compiler/bin/../lib/gcc/arm-none-eabi/5.4.1/../../../../arm-none-eabi/lib/armv7e-m/fpu/crt0.o (__libc_init_array)
c:/eclipse/systemworkbench/plugins/fr.ac6.mcu.externaltools.arm-none.win32_1.13.3.201707031232/tools/compiler/bin/../lib/gcc/arm-none-eabi/5.4.1/../../../../arm-none-eabi/lib/armv7e-m/fpu\libc_nano.a(lib_a-memset.o)
                              c:/eclipse/systemworkbench/plugins/fr.ac6.mcu.externaltools.arm-none.win32_1.13.3.201707031232/tools/compiler/bin/../lib/gcc/arm-none-eabi/5.4.1/../../../../arm-none-eabi/lib/armv7e-m/fpu/crt0.o (memset)
c:/eclipse/systemworkbench/plugins/fr.ac6.mcu.externaltools.arm-none.win32_1.13.3.201707031232/tools/compiler/bin/../lib/gcc/arm-none-eabi/5.4.1/../../../../arm-none-eabi/lib/armv7e-m/fpu\libnosys.a(_exit.o)
                              c:/eclipse/systemworkbench/plugins/fr.ac6.mcu.externaltools.arm-none.win32_1.13.3.201707031232/tools/compiler/bin/../lib/gcc/arm-none-eabi/5.4.1/../../../../arm-none-eabi/lib/armv7e-m/fpu\libc_nano.a(lib_a-exit.o) (_exit)

Allocating common symbols
Common symbol       size              file

JumpAddress         0x4               Src/main.o
hpcd                0x3f0             Src/usbd_conf.o
uwTick              0x4               Drivers/STM32F4xx_HAL_Driver/Src/stm32f4xx_hal.o
pFlash              0x20              Drivers/STM32F4xx_HAL_Driver/Src/stm32f4xx_hal_flash.o
USBD_Device         0x224             Src/main.o
JumpToApplication   0x4               Src/main.o
USBD_StrDesc        0x100             Src/usbd_desc.o

Discarded input sections

 .text          0x00000000        0x0 c:/eclipse/systemworkbench/plugins/fr.ac6.mcu.externaltools.arm-none.win32_1.13.3.201707031232/tools/compiler/bin/../lib/gcc/arm-none-eabi/5.4.1/armv7e-m/fpu/crti.o
 .data          0x00000000        0x0 c:/eclipse/systemworkbench/plugins/fr.ac6.mcu.externaltools.arm-none.win32_1.13.3.201707031232/tools/compiler/bin/../lib/gcc/arm-none-eabi/5.4.1/armv7e-m/fpu/crti.o
 .bss           0x00000000        0x0 c:/eclipse/systemworkbench/plugins/fr.ac6.mcu.externaltools.arm-none.win32_1.13.3.201707031232/tools/compiler/bin/../lib/gcc/arm-none-eabi/5.4.1/armv7e-m/fpu/crti.o
 .data          0x00000000        0x4 c:/eclipse/systemworkbench/plugins/fr.ac6.mcu.externaltools.arm-none.win32_1.13.3.201707031232/tools/compiler/bin/../lib/gcc/arm-none-eabi/5.4.1/armv7e-m/fpu/crtbegin.o
 .text          0x00000000       0x74 c:/eclipse/systemworkbench/plugins/fr.ac6.mcu.externaltools.arm-none.win32_1.13.3.201707031232/tools/compiler/bin/../lib/gcc/arm-none-eabi/5.4.1/../../../../arm-none-eabi/lib/armv7e-m/fpu/crt0.o
 .data          0x00000000        0x0 c:/eclipse/systemworkbench/plugins/fr.ac6.mcu.externaltools.arm-none.win32_1.13.3.201707031232/tools/compiler/bin/../lib/gcc/arm-none-eabi/5.4.1/../../../../arm-none-eabi/lib/armv7e-m/fpu/crt0.o
 .bss           0x00000000        0x0 c:/eclipse/systemworkbench/plugins/fr.ac6.mcu.externaltools.arm-none.win32_1.13.3.201707031232/tools/compiler/bin/../lib/gcc/arm-none-eabi/5.4.1/../../../../arm-none-eabi/lib/armv7e-m/fpu/crt0.o
 .ARM.extab     0x00000000        0x0 c:/eclipse/systemworkbench/plugins/fr.ac6.mcu.externaltools.arm-none.win32_1.13.3.201707031232/tools/compiler/bin/../lib/gcc/arm-none-eabi/5.4.1/../../../../arm-none-eabi/lib/armv7e-m/fpu/crt0.o
 .ARM.exidx     0x00000000        0x8 c:/eclipse/systemworkbench/plugins/fr.ac6.mcu.externaltools.arm-none.win32_1.13.3.201707031232/tools/compiler/bin/../lib/gcc/arm-none-eabi/5.4.1/../../../../arm-none-eabi/lib/armv7e-m/fpu/crt0.o
 .ARM.attributes
[...]
Memory Configuration

Name             Origin             Length             Attributes
RAM              0x20000000         0x00020000         xrw
CCMRAM           0x10000000         0x00010000         rw
FLASH            0x08000000         0x00100000         xr
*default*        0x00000000         0xffffffff

Linker script and memory map

LOAD c:/eclipse/systemworkbench/plugins/fr.ac6.mcu.externaltools.arm-none.win32_1.13.3.201707031232/tools/compiler/bin/../lib/gcc/arm-none-eabi/5.4.1/armv7e-m/fpu/crti.o
LOAD c:/eclipse/systemworkbench/plugins/fr.ac6.mcu.externaltools.arm-none.win32_1.13.3.201707031232/tools/compiler/bin/../lib/gcc/arm-none-eabi/5.4.1/armv7e-m/fpu/crtbegin.o
LOAD c:/eclipse/systemworkbench/plugins/fr.ac6.mcu.externaltools.arm-none.win32_1.13.3.201707031232/tools/compiler/bin/../lib/gcc/arm-none-eabi/5.4.1/../../../../arm-none-eabi/lib/armv7e-m/fpu/crt0.o
LOAD Drivers/STM32F4xx_HAL_Driver/Src/stm32f4xx_hal.o
LOAD Drivers/STM32F4xx_HAL_Driver/Src/stm32f4xx_hal_cortex.o
LOAD Drivers/STM32F4xx_HAL_Driver/Src/stm32f4xx_hal_dma.o
LOAD Drivers/STM32F4xx_HAL_Driver/Src/stm32f4xx_hal_dma_ex.o
LOAD Drivers/STM32F4xx_HAL_Driver/Src/stm32f4xx_hal_flash.o
LOAD Drivers/STM32F4xx_HAL_Driver/Src/stm32f4xx_hal_flash_ex.o
LOAD Drivers/STM32F4xx_HAL_Driver/Src/stm32f4xx_hal_flash_ramfunc.o
LOAD Drivers/STM32F4xx_HAL_Driver/Src/stm32f4xx_hal_gpio.o
LOAD Drivers/STM32F4xx_HAL_Driver/Src/stm32f4xx_hal_pcd.o
LOAD Drivers/STM32F4xx_HAL_Driver/Src/stm32f4xx_hal_pcd_ex.o
LOAD Drivers/STM32F4xx_HAL_Driver/Src/stm32f4xx_hal_pwr.o
LOAD Drivers/STM32F4xx_HAL_Driver/Src/stm32f4xx_hal_pwr_ex.o
LOAD Drivers/STM32F4xx_HAL_Driver/Src/stm32f4xx_hal_rcc.o
LOAD Drivers/STM32F4xx_HAL_Driver/Src/stm32f4xx_hal_rcc_ex.o
LOAD Drivers/STM32F4xx_HAL_Driver/Src/stm32f4xx_hal_rtc.o
LOAD Drivers/STM32F4xx_HAL_Driver/Src/stm32f4xx_hal_rtc_ex.o
LOAD Drivers/STM32F4xx_HAL_Driver/Src/stm32f4xx_ll_usb.o
LOAD Middlewares/ST/STM32_USB_Device_Library/Class/DFU/Src/usbd_dfu.o
LOAD Middlewares/ST/STM32_USB_Device_Library/Core/Src/usbd_core.o
LOAD Middlewares/ST/STM32_USB_Device_Library/Core/Src/usbd_ctlreq.o
LOAD Middlewares/ST/STM32_USB_Device_Library/Core/Src/usbd_ioreq.o
LOAD Src/gpio.o
LOAD Src/main.o
LOAD Src/stm32f4xx_hal_msp.o
LOAD Src/stm32f4xx_it.o
LOAD Src/system_stm32f4xx.o
LOAD Src/usbd_conf.o
LOAD Src/usbd_desc.o
LOAD Src/usbd_dfu_flash.o
LOAD startup/startup_stm32f446xx.o
LOAD c:/eclipse/systemworkbench/plugins/fr.ac6.mcu.externaltools.arm-none.win32_1.13.3.201707031232/tools/compiler/bin/../lib/gcc/arm-none-eabi/5.4.1/../../../../arm-none-eabi/lib/armv7e-m/fpu\libm.a
START GROUP
LOAD c:/eclipse/systemworkbench/plugins/fr.ac6.mcu.externaltools.arm-none.win32_1.13.3.201707031232/tools/compiler/bin/../lib/gcc/arm-none-eabi/5.4.1/armv7e-m/fpu\libgcc.a
LOAD c:/eclipse/systemworkbench/plugins/fr.ac6.mcu.externaltools.arm-none.win32_1.13.3.201707031232/tools/compiler/bin/../lib/gcc/arm-none-eabi/5.4.1/../../../../arm-none-eabi/lib/armv7e-m/fpu\libc_nano.a
END GROUP
START GROUP
LOAD c:/eclipse/systemworkbench/plugins/fr.ac6.mcu.externaltools.arm-none.win32_1.13.3.201707031232/tools/compiler/bin/../lib/gcc/arm-none-eabi/5.4.1/armv7e-m/fpu\libgcc.a
LOAD c:/eclipse/systemworkbench/plugins/fr.ac6.mcu.externaltools.arm-none.win32_1.13.3.201707031232/tools/compiler/bin/../lib/gcc/arm-none-eabi/5.4.1/../../../../arm-none-eabi/lib/armv7e-m/fpu\libc_nano.a
LOAD c:/eclipse/systemworkbench/plugins/fr.ac6.mcu.externaltools.arm-none.win32_1.13.3.201707031232/tools/compiler/bin/../lib/gcc/arm-none-eabi/5.4.1/../../../../arm-none-eabi/lib/armv7e-m/fpu\libnosys.a
END GROUP
START GROUP
LOAD c:/eclipse/systemworkbench/plugins/fr.ac6.mcu.externaltools.arm-none.win32_1.13.3.201707031232/tools/compiler/bin/../lib/gcc/arm-none-eabi/5.4.1/armv7e-m/fpu\libgcc.a
LOAD c:/eclipse/systemworkbench/plugins/fr.ac6.mcu.externaltools.arm-none.win32_1.13.3.201707031232/tools/compiler/bin/../lib/gcc/arm-none-eabi/5.4.1/../../../../arm-none-eabi/lib/armv7e-m/fpu\libc_nano.a
LOAD c:/eclipse/systemworkbench/plugins/fr.ac6.mcu.externaltools.arm-none.win32_1.13.3.201707031232/tools/compiler/bin/../lib/gcc/arm-none-eabi/5.4.1/../../../../arm-none-eabi/lib/armv7e-m/fpu\libnosys.a
END GROUP
LOAD c:/eclipse/systemworkbench/plugins/fr.ac6.mcu.externaltools.arm-none.win32_1.13.3.201707031232/tools/compiler/bin/../lib/gcc/arm-none-eabi/5.4.1/armv7e-m/fpu/crtend.o
LOAD c:/eclipse/systemworkbench/plugins/fr.ac6.mcu.externaltools.arm-none.win32_1.13.3.201707031232/tools/compiler/bin/../lib/gcc/arm-none-eabi/5.4.1/armv7e-m/fpu/crtn.o
                0x20020000                _estack = 0x20020000
                0x00000200                _Min_Heap_Size = 0x200
                0x00000400                _Min_Stack_Size = 0x400

.isr_vector     0x08000000      0x1c4
                0x08000000                . = ALIGN (0x4)
 *(.isr_vector)
 .isr_vector    0x08000000      0x1c4 startup/startup_stm32f446xx.o
                0x08000000                g_pfnVectors
                0x080001c4                . = ALIGN (0x4)

.text           0x080001c4     0x3404
                0x080001c4                . = ALIGN (0x4)
 *(.text)
 .text          0x080001c4       0x5c c:/eclipse/systemworkbench/plugins/fr.ac6.mcu.externaltools.arm-none.win32_1.13.3.201707031232/tools/compiler/bin/../lib/gcc/arm-none-eabi/5.4.1/armv7e-m/fpu/crtbegin.o
 *(.text*)
 .text.HAL_InitTick
                0x08000220       0x28 Drivers/STM32F4xx_HAL_Driver/Src/stm32f4xx_hal.o
                0x08000220                HAL_InitTick
 .text.HAL_Init
                0x08000248       0x34 Drivers/STM32F4xx_HAL_Driver/Src/stm32f4xx_hal.o
                0x08000248                HAL_Init
 .text.HAL_IncTick
                0x0800027c       0x10 Drivers/STM32F4xx_HAL_Driver/Src/stm32f4xx_hal.o
                0x0800027c                HAL_IncTick
 .text.HAL_GetTick
                0x0800028c        0xc Drivers/STM32F4xx_HAL_Driver/Src/stm32f4xx_hal.o
                0x0800028c                HAL_GetTick
 .text.HAL_Delay
                0x08000298       0x1a Drivers/STM32F4xx_HAL_Driver/Src/stm32f4xx_hal.o
                0x08000298                HAL_Delay
 *fill*         0x080002b2        0x2 
 .text.HAL_NVIC_SetPriorityGrouping
                0x080002b4       0x24 Drivers/STM32F4xx_HAL_Driver/Src/stm32f4xx_hal_cortex.o
                0x080002b4                HAL_NVIC_SetPriorityGrouping
 .text.HAL_NVIC_SetPriority
                0x080002d8       0x68 Drivers/STM32F4xx_HAL_Driver/Src/stm32f4xx_hal_cortex.o
                0x080002d8                HAL_NVIC_SetPriority
 .text.HAL_NVIC_EnableIRQ
                0x08000340       0x18 Drivers/STM32F4xx_HAL_Driver/Src/stm32f4xx_hal_cortex.o
                0x08000340                HAL_NVIC_EnableIRQ
 .text.HAL_NVIC_DisableIRQ
                0x08000358       0x1c Drivers/STM32F4xx_HAL_Driver/Src/stm32f4xx_hal_cortex.o
                0x08000358                HAL_NVIC_DisableIRQ
 .text.HAL_SYSTICK_Config
                0x08000374       0x2c Drivers/STM32F4xx_HAL_Driver/Src/stm32f4xx_hal_cortex.o
                0x08000374                HAL_SYSTICK_Config
 .text.HAL_SYSTICK_CLKSourceConfig
                0x080003a0       0x18 Drivers/STM32F4xx_HAL_Driver/Src/stm32f4xx_hal_cortex.o
                0x080003a0                HAL_SYSTICK_CLKSourceConfig
 .text.FLASH_Program_Word
                0x080003b8       0x24 Drivers/STM32F4xx_HAL_Driver/Src/stm32f4xx_hal_flash.o
 .text.FLASH_Program_HalfWord
                0x080003dc       0x24 Drivers/STM32F4xx_HAL_Driver/Src/stm32f4xx_hal_flash.o
 .text.FLASH_SetErrorCode
                0x08000400       0x90 Drivers/STM32F4xx_HAL_Driver/Src/stm32f4xx_hal_flash.o
 .text.HAL_FLASH_Unlock
                0x08000490       0x24 Drivers/STM32F4xx_HAL_Driver/Src/stm32f4xx_hal_flash.o
                0x08000490                HAL_FLASH_Unlock
 .text.HAL_FLASH_Lock
                0x080004b4       0x14 Drivers/STM32F4xx_HAL_Driver/Src/stm32f4xx_hal_flash.o
                0x080004b4                HAL_FLASH_Lock
 .text.FLASH_WaitForLastOperation
                0x080004c8       0x54 Drivers/STM32F4xx_HAL_Driver/Src/stm32f4xx_hal_flash.o
                0x080004c8                FLASH_WaitForLastOperation
 .text.HAL_FLASH_Program
                0x0800051c       0xac Drivers/STM32F4xx_HAL_Driver/Src/stm32f4xx_hal_flash.o
                0x0800051c                HAL_FLASH_Program
 .text.FLASH_MassErase.isra.0
                0x080005c8       0x24 Drivers/STM32F4xx_HAL_Driver/Src/stm32f4xx_hal_flash_ex.o
 .text.FLASH_Erase_Sector
                0x080005ec       0x54 Drivers/STM32F4xx_HAL_Driver/Src/stm32f4xx_hal_flash_ex.o
                0x080005ec                FLASH_Erase_Sector
 .text.FLASH_FlushCaches
                0x08000640       0x58 Drivers/STM32F4xx_HAL_Driver/Src/stm32f4xx_hal_flash_ex.o
                0x08000640                FLASH_FlushCaches
 .text.HAL_FLASHEx_Erase
                0x08000698       0xa0 Drivers/STM32F4xx_HAL_Driver/Src/stm32f4xx_hal_flash_ex.o
                0x08000698                HAL_FLASHEx_Erase
 .text.HAL_GPIO_Init
                0x08000738      0x1c0 Drivers/STM32F4xx_HAL_Driver/Src/stm32f4xx_hal_gpio.o
                0x08000738                HAL_GPIO_Init
 .text.HAL_GPIO_ReadPin
                0x080008f8        0xc Drivers/STM32F4xx_HAL_Driver/Src/stm32f4xx_hal_gpio.o
                0x080008f8                HAL_GPIO_ReadPin
 .text.HAL_GPIO_WritePin
                0x08000904        0x8 Drivers/STM32F4xx_HAL_Driver/Src/stm32f4xx_hal_gpio.o
                0x08000904                HAL_GPIO_WritePin
 .text.HAL_PCD_Init
                0x0800090c       0xd8 Drivers/STM32F4xx_HAL_Driver/Src/stm32f4xx_hal_pcd.o
                0x0800090c                HAL_PCD_Init
 .text.HAL_PCD_Start
                0x080009e4       0x2a Drivers/STM32F4xx_HAL_Driver/Src/stm32f4xx_hal_pcd.o
                0x080009e4                HAL_PCD_Start
 .text.HAL_PCD_Stop
                0x08000a0e       0x30 Drivers/STM32F4xx_HAL_Driver/Src/stm32f4xx_hal_pcd.o
                0x08000a0e                HAL_PCD_Stop
 .text.HAL_PCD_IRQHandler
                0x08000a3e      0x45a Drivers/STM32F4xx_HAL_Driver/Src/stm32f4xx_hal_pcd.o
                0x08000a3e                HAL_PCD_IRQHandler
 .text.HAL_PCD_SetAddress
                0x08000e98       0x24 Drivers/STM32F4xx_HAL_Driver/Src/stm32f4xx_hal_pcd.o
                0x08000e98                HAL_PCD_SetAddress
 .text.HAL_PCD_EP_Open
                0x08000ebc       0x5c Drivers/STM32F4xx_HAL_Driver/Src/stm32f4xx_hal_pcd.o
                0x08000ebc                HAL_PCD_EP_Open
 .text.HAL_PCD_EP_Receive
                0x08000f18       0x62 Drivers/STM32F4xx_HAL_Driver/Src/stm32f4xx_hal_pcd.o
                0x08000f18                HAL_PCD_EP_Receive
 .text.HAL_PCD_EP_Transmit
                0x08000f7a       0x5a Drivers/STM32F4xx_HAL_Driver/Src/stm32f4xx_hal_pcd.o
                0x08000f7a                HAL_PCD_EP_Transmit
 .text.HAL_PCD_EP_SetStall
                0x08000fd4       0x58 Drivers/STM32F4xx_HAL_Driver/Src/stm32f4xx_hal_pcd.o
                0x08000fd4                HAL_PCD_EP_SetStall
 .text.HAL_PCD_EP_ClrStall
                0x0800102c       0x4a Drivers/STM32F4xx_HAL_Driver/Src/stm32f4xx_hal_pcd.o
                0x0800102c                HAL_PCD_EP_ClrStall
 .text.HAL_PCDEx_SetTxFiFo
                0x08001076       0x42 Drivers/STM32F4xx_HAL_Driver/Src/stm32f4xx_hal_pcd_ex.o
                0x08001076                HAL_PCDEx_SetTxFiFo
 .text.HAL_PCDEx_SetRxFiFo
                0x080010b8        0x8 Drivers/STM32F4xx_HAL_Driver/Src/stm32f4xx_hal_pcd_ex.o
                0x080010b8                HAL_PCDEx_SetRxFiFo
 .text.HAL_PWR_EnableBkUpAccess
                0x080010c0       0x1c Drivers/STM32F4xx_HAL_Driver/Src/stm32f4xx_hal_pwr.o
                0x080010c0                HAL_PWR_EnableBkUpAccess
 .text.HAL_PWR_DisableBkUpAccess
                0x080010dc       0x1c Drivers/STM32F4xx_HAL_Driver/Src/stm32f4xx_hal_pwr.o
                0x080010dc                HAL_PWR_DisableBkUpAccess
 .text.HAL_RCC_OscConfig
                0x080010f8      0x31c Drivers/STM32F4xx_HAL_Driver/Src/stm32f4xx_hal_rcc.o
                0x080010f8                HAL_RCC_OscConfig
 .text.HAL_RCC_GetSysClockFreq
                0x08001414       0x7c Drivers/STM32F4xx_HAL_Driver/Src/stm32f4xx_hal_rcc.o
                0x08001414                HAL_RCC_GetSysClockFreq
 .text.HAL_RCC_ClockConfig
                0x08001490      0x168 Drivers/STM32F4xx_HAL_Driver/Src/stm32f4xx_hal_rcc.o
                0x08001490                HAL_RCC_ClockConfig
 .text.HAL_RCC_GetHCLKFreq
                0x080015f8        0xc Drivers/STM32F4xx_HAL_Driver/Src/stm32f4xx_hal_rcc.o
                0x080015f8                HAL_RCC_GetHCLKFreq
 .text.HAL_RTCEx_BKUPWrite
                0x08001604        0xa Drivers/STM32F4xx_HAL_Driver/Src/stm32f4xx_hal_rtc_ex.o
                0x08001604                HAL_RTCEx_BKUPWrite
 .text.HAL_RTCEx_BKUPRead
                0x0800160e        0xa Drivers/STM32F4xx_HAL_Driver/Src/stm32f4xx_hal_rtc_ex.o
                0x0800160e                HAL_RTCEx_BKUPRead
 .text.USB_CoreInit
                0x08001618       0x6c Drivers/STM32F4xx_HAL_Driver/Src/stm32f4xx_ll_usb.o
                0x08001618                USB_CoreInit
 .text.USB_EnableGlobalInt
                0x08001684        0xc Drivers/STM32F4xx_HAL_Driver/Src/stm32f4xx_ll_usb.o
                0x08001684                USB_EnableGlobalInt
 .text.USB_DisableGlobalInt
                0x08001690        0xc Drivers/STM32F4xx_HAL_Driver/Src/stm32f4xx_ll_usb.o
                0x08001690                USB_DisableGlobalInt
 .text.USB_SetCurrentMode
                0x0800169c       0x2c Drivers/STM32F4xx_HAL_Driver/Src/stm32f4xx_ll_usb.o
                0x0800169c                USB_SetCurrentMode
 .text.USB_DevInit
                0x080016c8      0x134 Drivers/STM32F4xx_HAL_Driver/Src/stm32f4xx_ll_usb.o
                0x080016c8                USB_DevInit
 .text.USB_FlushTxFifo
                0x080017fc       0x24 Drivers/STM32F4xx_HAL_Driver/Src/stm32f4xx_ll_usb.o
                0x080017fc                USB_FlushTxFifo
 .text.USB_FlushRxFifo
                0x08001820       0x20 Drivers/STM32F4xx_HAL_Driver/Src/stm32f4xx_ll_usb.o
                0x08001820                USB_FlushRxFifo
 .text.USB_SetDevSpeed
                0x08001840        0xe Drivers/STM32F4xx_HAL_Driver/Src/stm32f4xx_ll_usb.o
                0x08001840                USB_SetDevSpeed
 .text.USB_GetDevSpeed
                0x0800184e       0x36 Drivers/STM32F4xx_HAL_Driver/Src/stm32f4xx_ll_usb.o
                0x0800184e                USB_GetDevSpeed
 .text.USB_ActivateEndpoint
                0x08001884       0x82 Drivers/STM32F4xx_HAL_Driver/Src/stm32f4xx_ll_usb.o
                0x08001884                USB_ActivateEndpoint
 *fill*         0x08001906        0x2 
 .text.USB_EPStartXfer
                0x08001908      0x238 Drivers/STM32F4xx_HAL_Driver/Src/stm32f4xx_ll_usb.o
                0x08001908                USB_EPStartXfer
 .text.USB_EP0StartXfer
                0x08001b40      0x154 Drivers/STM32F4xx_HAL_Driver/Src/stm32f4xx_ll_usb.o
                0x08001b40                USB_EP0StartXfer
 .text.USB_WritePacket
                0x08001c94       0x28 Drivers/STM32F4xx_HAL_Driver/Src/stm32f4xx_ll_usb.o
                0x08001c94                USB_WritePacket
 .text.USB_ReadPacket
                0x08001cbc       0x1c Drivers/STM32F4xx_HAL_Driver/Src/stm32f4xx_ll_usb.o
                0x08001cbc                USB_ReadPacket
 .text.USB_EPSetStall
                0x08001cd8       0x64 Drivers/STM32F4xx_HAL_Driver/Src/stm32f4xx_ll_usb.o
                0x08001cd8                USB_EPSetStall
 .text.USB_EPClearStall
                0x08001d3c       0x3c Drivers/STM32F4xx_HAL_Driver/Src/stm32f4xx_ll_usb.o
                0x08001d3c                USB_EPClearStall
 .text.USB_StopDevice
                0x08001d78       0x42 Drivers/STM32F4xx_HAL_Driver/Src/stm32f4xx_ll_usb.o
                0x08001d78                USB_StopDevice
 .text.USB_SetDevAddress
                0x08001dba       0x20 Drivers/STM32F4xx_HAL_Driver/Src/stm32f4xx_ll_usb.o
                0x08001dba                USB_SetDevAddress
 .text.USB_DevConnect
                0x08001dda       0x18 Drivers/STM32F4xx_HAL_Driver/Src/stm32f4xx_ll_usb.o
                0x08001dda                USB_DevConnect
 .text.USB_DevDisconnect
                0x08001df2       0x18 Drivers/STM32F4xx_HAL_Driver/Src/stm32f4xx_ll_usb.o
                0x08001df2                USB_DevDisconnect
 .text.USB_ReadInterrupts
                0x08001e0a        0x8 Drivers/STM32F4xx_HAL_Driver/Src/stm32f4xx_ll_usb.o
                0x08001e0a                USB_ReadInterrupts
 .text.USB_ReadDevAllOutEpInterrupt
                0x08001e12       0x10 Drivers/STM32F4xx_HAL_Driver/Src/stm32f4xx_ll_usb.o
                0x08001e12                USB_ReadDevAllOutEpInterrupt
 .text.USB_ReadDevAllInEpInterrupt
                0x08001e22       0x10 Drivers/STM32F4xx_HAL_Driver/Src/stm32f4xx_ll_usb.o
                0x08001e22                USB_ReadDevAllInEpInterrupt
 .text.USB_ReadDevOutEPInterrupt
                0x08001e32       0x14 Drivers/STM32F4xx_HAL_Driver/Src/stm32f4xx_ll_usb.o
                0x08001e32                USB_ReadDevOutEPInterrupt
 .text.USB_ReadDevInEPInterrupt
                0x08001e46       0x20 Drivers/STM32F4xx_HAL_Driver/Src/stm32f4xx_ll_usb.o
                0x08001e46                USB_ReadDevInEPInterrupt
 .text.USB_GetMode
                0x08001e66        0x8 Drivers/STM32F4xx_HAL_Driver/Src/stm32f4xx_ll_usb.o
                0x08001e66                USB_GetMode
 .text.USB_ActivateSetup
                0x08001e6e       0x36 Drivers/STM32F4xx_HAL_Driver/Src/stm32f4xx_ll_usb.o
                0x08001e6e                USB_ActivateSetup
 .text.USB_EP0_OutStart
                0x08001ea4       0x46 Drivers/STM32F4xx_HAL_Driver/Src/stm32f4xx_ll_usb.o
                0x08001ea4                USB_EP0_OutStart
 *fill*         0x08001eea        0x2 
 .text.USB_CoreReset
                0x08001eec       0x30 Drivers/STM32F4xx_HAL_Driver/Src/stm32f4xx_ll_usb.o
 .text.USBD_DFU_GetCfgDesc
                0x08001f1c        0xc Middlewares/ST/STM32_USB_Device_Library/Class/DFU/Src/usbd_dfu.o
 .text.USBD_DFU_SOF
                0x08001f28        0x4 Middlewares/ST/STM32_USB_Device_Library/Class/DFU/Src/usbd_dfu.o
 .text.USBD_DFU_DataOut
                0x08001f2c        0x4 Middlewares/ST/STM32_USB_Device_Library/Class/DFU/Src/usbd_dfu.o
 .text.USBD_DFU_GetDeviceQualifierDesc
                0x08001f30        0xc Middlewares/ST/STM32_USB_Device_Library/Class/DFU/Src/usbd_dfu.o
 .text.USBD_DFU_GetUsrStringDesc
                0x08001f3c       0x20 Middlewares/ST/STM32_USB_Device_Library/Class/DFU/Src/usbd_dfu.o
 .text.USBD_DFU_EP0_TxReady
                0x08001f5c      0x164 Middlewares/ST/STM32_USB_Device_Library/Class/DFU/Src/usbd_dfu.o
 .text.USBD_DFU_DeInit
                0x080020c0       0x3e Middlewares/ST/STM32_USB_Device_Library/Class/DFU/Src/usbd_dfu.o
 *fill*         0x080020fe        0x2 
 .text.USBD_DFU_Init
                0x08002100       0x60 Middlewares/ST/STM32_USB_Device_Library/Class/DFU/Src/usbd_dfu.o
 .text.USBD_DFU_Setup
                0x08002160      0x334 Middlewares/ST/STM32_USB_Device_Library/Class/DFU/Src/usbd_dfu.o
 .text.USBD_DFU_IsoOutIncomplete
                0x08002494        0x4 Middlewares/ST/STM32_USB_Device_Library/Class/DFU/Src/usbd_dfu.o
 .text.USBD_DFU_DataIn
                0x08002498        0x4 Middlewares/ST/STM32_USB_Device_Library/Class/DFU/Src/usbd_dfu.o
 .text.USBD_DFU_IsoINIncomplete
                0x0800249c        0x4 Middlewares/ST/STM32_USB_Device_Library/Class/DFU/Src/usbd_dfu.o
 .text.USBD_DFU_EP0_RxReady
                0x080024a0        0x4 Middlewares/ST/STM32_USB_Device_Library/Class/DFU/Src/usbd_dfu.o
 .text.USBD_DFU_RegisterMedia
                0x080024a4        0xa Middlewares/ST/STM32_USB_Device_Library/Class/DFU/Src/usbd_dfu.o
                0x080024a4                USBD_DFU_RegisterMedia
 .text.USBD_Init
                0x080024ae       0x2a Middlewares/ST/STM32_USB_Device_Library/Core/Src/usbd_core.o
                0x080024ae                USBD_Init
 .text.USBD_RegisterClass
                0x080024d8        0xe Middlewares/ST/STM32_USB_Device_Library/Core/Src/usbd_core.o
                0x080024d8                USBD_RegisterClass
 .text.USBD_Start
                0x080024e6        0xa Middlewares/ST/STM32_USB_Device_Library/Core/Src/usbd_core.o
                0x080024e6                USBD_Start
 .text.USBD_Stop
                0x080024f0       0x18 Middlewares/ST/STM32_USB_Device_Library/Core/Src/usbd_core.o
                0x080024f0                USBD_Stop
 .text.USBD_SetClassConfig
                0x08002508       0x16 Middlewares/ST/STM32_USB_Device_Library/Core/Src/usbd_core.o
                0x08002508                USBD_SetClassConfig
 .text.USBD_ClrClassConfig
                0x0800251e        0xe Middlewares/ST/STM32_USB_Device_Library/Core/Src/usbd_core.o
                0x0800251e                USBD_ClrClassConfig
 .text.USBD_LL_SetupStage
                0x0800252c       0x5a Middlewares/ST/STM32_USB_Device_Library/Core/Src/usbd_core.o
                0x0800252c                USBD_LL_SetupStage
 .text.USBD_LL_DataOutStage
                0x08002586       0x62 Middlewares/ST/STM32_USB_Device_Library/Core/Src/usbd_core.o
                0x08002586                USBD_LL_DataOutStage
 .text.USBD_LL_DataInStage
                0x080025e8       0x9c Middlewares/ST/STM32_USB_Device_Library/Core/Src/usbd_core.o
                0x080025e8                USBD_LL_DataInStage
 .text.USBD_LL_Reset
                0x08002684       0x3e Middlewares/ST/STM32_USB_Device_Library/Core/Src/usbd_core.o
                0x08002684                USBD_LL_Reset
 .text.USBD_LL_SetSpeed
                0x080026c2        0x6 Middlewares/ST/STM32_USB_Device_Library/Core/Src/usbd_core.o
                0x080026c2                USBD_LL_SetSpeed
 .text.USBD_LL_Suspend
                0x080026c8       0x12 Middlewares/ST/STM32_USB_Device_Library/Core/Src/usbd_core.o
                0x080026c8                USBD_LL_Suspend
 .text.USBD_LL_Resume
                0x080026da        0xc Middlewares/ST/STM32_USB_Device_Library/Core/Src/usbd_core.o
                0x080026da                USBD_LL_Resume
 .text.USBD_LL_SOF
                0x080026e6       0x18 Middlewares/ST/STM32_USB_Device_Library/Core/Src/usbd_core.o
                0x080026e6                USBD_LL_SOF
 .text.USBD_LL_IsoINIncomplete
                0x080026fe        0x4 Middlewares/ST/STM32_USB_Device_Library/Core/Src/usbd_core.o
                0x080026fe                USBD_LL_IsoINIncomplete
 .text.USBD_LL_IsoOUTIncomplete
                0x08002702        0x4 Middlewares/ST/STM32_USB_Device_Library/Core/Src/usbd_core.o
                0x08002702                USBD_LL_IsoOUTIncomplete
 .text.USBD_LL_DevConnected
                0x08002706        0x4 Middlewares/ST/STM32_USB_Device_Library/Core/Src/usbd_core.o
                0x08002706                USBD_LL_DevConnected
 .text.USBD_LL_DevDisconnected
                0x0800270a       0x16 Middlewares/ST/STM32_USB_Device_Library/Core/Src/usbd_core.o
                0x0800270a                USBD_LL_DevDisconnected
 .text.USBD_ParseSetupRequest
                0x08002720       0x28 Middlewares/ST/STM32_USB_Device_Library/Core/Src/usbd_ctlreq.o
                0x08002720                USBD_ParseSetupRequest
 .text.USBD_CtlError
                0x08002748       0x16 Middlewares/ST/STM32_USB_Device_Library/Core/Src/usbd_ctlreq.o
                0x08002748                USBD_CtlError
 *fill*         0x0800275e        0x2 
 .text.USBD_StdDevReq
                0x08002760      0x220 Middlewares/ST/STM32_USB_Device_Library/Core/Src/usbd_ctlreq.o
                0x08002760                USBD_StdDevReq
 .text.USBD_StdItfReq
                0x08002980       0x30 Middlewares/ST/STM32_USB_Device_Library/Core/Src/usbd_ctlreq.o
                0x08002980                USBD_StdItfReq
 .text.USBD_StdEPReq
                0x080029b0       0xc6 Middlewares/ST/STM32_USB_Device_Library/Core/Src/usbd_ctlreq.o
                0x080029b0                USBD_StdEPReq
 .text.USBD_GetString
                0x08002a76       0x38 Middlewares/ST/STM32_USB_Device_Library/Core/Src/usbd_ctlreq.o
                0x08002a76                USBD_GetString
 .text.USBD_CtlSendData
                0x08002aae       0x1a Middlewares/ST/STM32_USB_Device_Library/Core/Src/usbd_ioreq.o
                0x08002aae                USBD_CtlSendData
 .text.USBD_CtlContinueSendData
                0x08002ac8       0x10 Middlewares/ST/STM32_USB_Device_Library/Core/Src/usbd_ioreq.o
                0x08002ac8                USBD_CtlContinueSendData
 .text.USBD_CtlPrepareRx
                0x08002ad8       0x1e Middlewares/ST/STM32_USB_Device_Library/Core/Src/usbd_ioreq.o
                0x08002ad8                USBD_CtlPrepareRx
 .text.USBD_CtlContinueRx
                0x08002af6       0x10 Middlewares/ST/STM32_USB_Device_Library/Core/Src/usbd_ioreq.o
                0x08002af6                USBD_CtlContinueRx
 .text.USBD_CtlSendStatus
                0x08002b06       0x16 Middlewares/ST/STM32_USB_Device_Library/Core/Src/usbd_ioreq.o
                0x08002b06                USBD_CtlSendStatus
 .text.USBD_CtlReceiveStatus
                0x08002b1c       0x16 Middlewares/ST/STM32_USB_Device_Library/Core/Src/usbd_ioreq.o
                0x08002b1c                USBD_CtlReceiveStatus
 *fill*         0x08002b32        0x2 
 .text.MX_GPIO_Init
                0x08002b34       0x88 Src/gpio.o
                0x08002b34                MX_GPIO_Init
 .text.userAppExists
                0x08002bbc       0x28 Src/main.o
                0x08002bbc                userAppExists
 .text.dfuActive
                0x08002be4       0x10 Src/main.o
                0x08002be4                dfuActive
 .text.disconnectUsb
                0x08002bf4       0x48 Src/main.o
                0x08002bf4                disconnectUsb
 .text.blinkLED
                0x08002c3c       0x38 Src/main.o
                0x08002c3c                blinkLED
 .text.SystemClock_Config
                0x08002c74       0xb0 Src/main.o
                0x08002c74                SystemClock_Config
 .text.boot_jump
                0x08002d24       0x28 Src/main.o
                0x08002d24                boot_jump
 .text.jumpToApp
                0x08002d4c      0x200 Src/main.o
                0x08002d4c                jumpToApp
 .text.rtc_read_backup_reg
                0x08002f4c       0x20 Src/main.o
                0x08002f4c                rtc_read_backup_reg
 .text.rtc_write_backup_reg
                0x08002f6c       0x2c Src/main.o
                0x08002f6c                rtc_write_backup_reg
 .text.checkAndClearBootloaderFlag
                0x08002f98       0x16 Src/main.o
                0x08002f98                checkAndClearBootloaderFlag
 *fill*         0x08002fae        0x2 
 .text.startup.main
                0x08002fb0       0x9c Src/main.o
                0x08002fb0                main
 .text.HAL_MspInit
                0x0800304c       0x60 Src/stm32f4xx_hal_msp.o
                0x0800304c                HAL_MspInit
 .text.NMI_Handler
                0x080030ac        0x2 Src/stm32f4xx_it.o
                0x080030ac                NMI_Handler
 .text.HardFault_Handler
                0x080030ae        0x2 Src/stm32f4xx_it.o
                0x080030ae                HardFault_Handler
 .text.MemManage_Handler
                0x080030b0        0x2 Src/stm32f4xx_it.o
                0x080030b0                MemManage_Handler
 .text.BusFault_Handler
                0x080030b2        0x2 Src/stm32f4xx_it.o
                0x080030b2                BusFault_Handler
 .text.UsageFault_Handler
                0x080030b4        0x2 Src/stm32f4xx_it.o
                0x080030b4                UsageFault_Handler
 .text.SVC_Handler
                0x080030b6        0x2 Src/stm32f4xx_it.o
                0x080030b6                SVC_Handler
 .text.DebugMon_Handler
                0x080030b8        0x2 Src/stm32f4xx_it.o
                0x080030b8                DebugMon_Handler
 .text.PendSV_Handler
                0x080030ba        0x2 Src/stm32f4xx_it.o
                0x080030ba                PendSV_Handler
 .text.SysTick_Handler
                0x080030bc        0x4 Src/stm32f4xx_it.o
                0x080030bc                SysTick_Handler
 .text.OTG_FS_IRQHandler
                0x080030c0        0xc Src/stm32f4xx_it.o
                0x080030c0                OTG_FS_IRQHandler
 .text.SystemInit
                0x080030cc       0x4c Src/system_stm32f4xx.o
                0x080030cc                SystemInit
 .text.HAL_PCD_MspInit
                0x08003118       0x70 Src/usbd_conf.o
                0x08003118                HAL_PCD_MspInit
 .text.HAL_PCD_SetupStageCallback
                0x08003188        0xc Src/usbd_conf.o
                0x08003188                HAL_PCD_SetupStageCallback
 .text.HAL_PCD_DataOutStageCallback
                0x08003194       0x12 Src/usbd_conf.o
                0x08003194                HAL_PCD_DataOutStageCallback
 .text.HAL_PCD_DataInStageCallback
                0x080031a6       0x10 Src/usbd_conf.o
                0x080031a6                HAL_PCD_DataInStageCallback
 .text.HAL_PCD_SOFCallback
                0x080031b6        0x8 Src/usbd_conf.o
                0x080031b6                HAL_PCD_SOFCallback
 .text.HAL_PCD_ResetCallback
                0x080031be       0x22 Src/usbd_conf.o
                0x080031be                HAL_PCD_ResetCallback
 .text.HAL_PCD_SuspendCallback
                0x080031e0        0x8 Src/usbd_conf.o
                0x080031e0                HAL_PCD_SuspendCallback
 .text.HAL_PCD_ResumeCallback
                0x080031e8        0x8 Src/usbd_conf.o
                0x080031e8                HAL_PCD_ResumeCallback
 .text.HAL_PCD_ISOOUTIncompleteCallback
                0x080031f0        0x8 Src/usbd_conf.o
                0x080031f0                HAL_PCD_ISOOUTIncompleteCallback
 .text.HAL_PCD_ISOINIncompleteCallback
                0x080031f8        0x8 Src/usbd_conf.o
                0x080031f8                HAL_PCD_ISOINIncompleteCallback
 .text.HAL_PCD_ConnectCallback
                0x08003200        0x8 Src/usbd_conf.o
                0x08003200                HAL_PCD_ConnectCallback
 .text.HAL_PCD_DisconnectCallback
                0x08003208        0x8 Src/usbd_conf.o
                0x08003208                HAL_PCD_DisconnectCallback
 .text.USBD_LL_Init
                0x08003210       0x50 Src/usbd_conf.o
                0x08003210                USBD_LL_Init
 .text.USBD_LL_Start
                0x08003260        0xe Src/usbd_conf.o
                0x08003260                USBD_LL_Start
 .text.USBD_LL_Stop
                0x0800326e        0xe Src/usbd_conf.o
                0x0800326e                USBD_LL_Stop
 .text.USBD_LL_OpenEP
                0x0800327c       0x14 Src/usbd_conf.o
                0x0800327c                USBD_LL_OpenEP
 .text.USBD_LL_StallEP
                0x08003290        0xe Src/usbd_conf.o
                0x08003290                USBD_LL_StallEP
 .text.USBD_LL_ClearStallEP
                0x0800329e        0xe Src/usbd_conf.o
                0x0800329e                USBD_LL_ClearStallEP
 .text.USBD_LL_IsStallEP
                0x080032ac       0x20 Src/usbd_conf.o
                0x080032ac                USBD_LL_IsStallEP
 .text.USBD_LL_SetUSBAddress
                0x080032cc        0xe Src/usbd_conf.o
                0x080032cc                USBD_LL_SetUSBAddress
 .text.USBD_LL_Transmit
                0x080032da        0xe Src/usbd_conf.o
                0x080032da                USBD_LL_Transmit
 .text.USBD_LL_PrepareReceive
                0x080032e8        0xe Src/usbd_conf.o
                0x080032e8                USBD_LL_PrepareReceive
 *fill*         0x080032f6        0x2 
 .text.USBD_static_malloc
                0x080032f8        0x8 Src/usbd_conf.o
                0x080032f8                USBD_static_malloc
 .text.USBD_static_free
                0x08003300        0x2 Src/usbd_conf.o
                0x08003300                USBD_static_free
 *fill*         0x08003302        0x2 
 .text.USBD_DFU_DeviceDescriptor
                0x08003304        0xc Src/usbd_desc.o
                0x08003304                USBD_DFU_DeviceDescriptor
 .text.USBD_DFU_LangIDStrDescriptor
                0x08003310        0xc Src/usbd_desc.o
                0x08003310                USBD_DFU_LangIDStrDescriptor
 .text.IntToUnicode
                0x0800331c       0x28 Src/usbd_desc.o
 .text.USBD_DFU_SerialStrDescriptor
                0x08003344       0x44 Src/usbd_desc.o
                0x08003344                USBD_DFU_SerialStrDescriptor
 .text.USBD_DFU_ManufacturerStrDescriptor
                0x08003388       0x1c Src/usbd_desc.o
                0x08003388                USBD_DFU_ManufacturerStrDescriptor
 .text.USBD_DFU_ProductStrDescriptor
                0x080033a4       0x24 Src/usbd_desc.o
                0x080033a4                USBD_DFU_ProductStrDescriptor
 .text.USBD_DFU_ConfigStrDescriptor
                0x080033c8       0x1c Src/usbd_desc.o
                0x080033c8                USBD_DFU_ConfigStrDescriptor
 .text.USBD_DFU_InterfaceStrDescriptor
                0x080033e4       0x1c Src/usbd_desc.o
                0x080033e4                USBD_DFU_InterfaceStrDescriptor
 .text.Flash_If_Read
                0x08003400       0x14 Src/usbd_dfu_flash.o
                0x08003400                Flash_If_Read
 .text.Flash_If_GetStatus
                0x08003414        0xe Src/usbd_dfu_flash.o
                0x08003414                Flash_If_GetStatus
 .text.Flash_If_Init
                0x08003422        0xa Src/usbd_dfu_flash.o
                0x08003422                Flash_If_Init
 .text.Flash_If_DeInit
                0x0800342c        0xa Src/usbd_dfu_flash.o
                0x0800342c                Flash_If_DeInit
 *fill*         0x08003436        0x2 
 .text.Flash_If_Erase
                0x08003438       0x94 Src/usbd_dfu_flash.o
                0x08003438                Flash_If_Erase
 .text.Flash_If_Write
                0x080034cc       0x44 Src/usbd_dfu_flash.o
                0x080034cc                Flash_If_Write
 .text.Reset_Handler
                0x08003510       0x50 startup/startup_stm32f446xx.o
                0x08003510                Reset_Handler
 .text.Default_Handler
                0x08003560        0x2 startup/startup_stm32f446xx.o
                0x08003560                RTC_Alarm_IRQHandler
                0x08003560                EXTI2_IRQHandler
                0x08003560                TIM8_CC_IRQHandler
                0x08003560                SPI4_IRQHandler
                0x08003560                TIM1_CC_IRQHandler
                0x08003560                DMA2_Stream5_IRQHandler
                0x08003560                DMA1_Stream5_IRQHandler
                0x08003560                PVD_IRQHandler
                0x08003560                SDIO_IRQHandler
                0x08003560                TAMP_STAMP_IRQHandler
                0x08003560                CAN2_RX1_IRQHandler
                0x08003560                EXTI3_IRQHandler
                0x08003560                TIM8_TRG_COM_TIM14_IRQHandler
                0x08003560                TIM1_UP_TIM10_IRQHandler
                0x08003560                TIM8_UP_TIM13_IRQHandler
                0x08003560                I2C3_ER_IRQHandler
                0x08003560                FMPI2C1_Event_IRQHandler
                0x08003560                EXTI0_IRQHandler
                0x08003560                I2C2_EV_IRQHandler
                0x08003560                DMA1_Stream2_IRQHandler
                0x08003560                CAN1_RX0_IRQHandler
                0x08003560                FPU_IRQHandler
                0x08003560                OTG_HS_WKUP_IRQHandler
                0x08003560                CAN2_SCE_IRQHandler
                0x08003560                DMA2_Stream2_IRQHandler
                0x08003560                SPI1_IRQHandler
                0x08003560                TIM6_DAC_IRQHandler
                0x08003560                TIM1_BRK_TIM9_IRQHandler
                0x08003560                DCMI_IRQHandler
                0x08003560                CAN2_RX0_IRQHandler
                0x08003560                DMA2_Stream3_IRQHandler
                0x08003560                SAI2_IRQHandler
                0x08003560                USART6_IRQHandler
                0x08003560                USART3_IRQHandler
                0x08003560                CAN1_RX1_IRQHandler
                0x08003560                UART5_IRQHandler
                0x08003560                DMA2_Stream0_IRQHandler
                0x08003560                TIM4_IRQHandler
                0x08003560                QUADSPI_IRQHandler
                0x08003560                I2C1_EV_IRQHandler
                0x08003560                DMA1_Stream6_IRQHandler
                0x08003560                DMA1_Stream1_IRQHandler
                0x08003560                UART4_IRQHandler
                0x08003560                TIM3_IRQHandler
                0x08003560                RCC_IRQHandler
                0x08003560                TIM8_BRK_TIM12_IRQHandler
                0x08003560                Default_Handler
                0x08003560                CEC_IRQHandler
                0x08003560                EXTI15_10_IRQHandler
                0x08003560                ADC_IRQHandler
                0x08003560                DMA1_Stream7_IRQHandler
                0x08003560                TIM7_IRQHandler
                0x08003560                CAN2_TX_IRQHandler
                0x08003560                TIM5_IRQHandler
                0x08003560                DMA2_Stream7_IRQHandler
                0x08003560                I2C3_EV_IRQHandler
                0x08003560                EXTI9_5_IRQHandler
                0x08003560                RTC_WKUP_IRQHandler
                0x08003560                SPDIF_RX_IRQHandler
                0x08003560                SPI2_IRQHandler
                0x08003560                OTG_HS_EP1_IN_IRQHandler
                0x08003560                DMA1_Stream0_IRQHandler
                0x08003560                CAN1_TX_IRQHandler
                0x08003560                EXTI4_IRQHandler
                0x08003560                OTG_HS_EP1_OUT_IRQHandler
                0x08003560                WWDG_IRQHandler
                0x08003560                TIM2_IRQHandler
                0x08003560                OTG_FS_WKUP_IRQHandler
                0x08003560                TIM1_TRG_COM_TIM11_IRQHandler
                0x08003560                OTG_HS_IRQHandler
                0x08003560                EXTI1_IRQHandler
                0x08003560                USART2_IRQHandler
                0x08003560                I2C2_ER_IRQHandler
                0x08003560                DMA2_Stream1_IRQHandler
                0x08003560                CAN1_SCE_IRQHandler
                0x08003560                FLASH_IRQHandler
                0x08003560                DMA2_Stream4_IRQHandler
                0x08003560                USART1_IRQHandler
                0x08003560                SPI3_IRQHandler
                0x08003560                DMA1_Stream4_IRQHandler
                0x08003560                I2C1_ER_IRQHandler
                0x08003560                FMC_IRQHandler
                0x08003560                DMA2_Stream6_IRQHandler
                0x08003560                SAI1_IRQHandler
                0x08003560                DMA1_Stream3_IRQHandler
                0x08003560                FMPI2C1_Error_IRQHandler
 *fill*         0x08003562        0x2 
 .text.__libc_init_array
                0x08003564       0x4c c:/eclipse/systemworkbench/plugins/fr.ac6.mcu.externaltools.arm-none.win32_1.13.3.201707031232/tools/compiler/bin/../lib/gcc/arm-none-eabi/5.4.1/../../../../arm-none-eabi/lib/armv7e-m/fpu\libc_nano.a(lib_a-init.o)
                0x08003564                __libc_init_array
 *(.glue_7)
 .glue_7        0x080035b0        0x0 linker stubs
 *(.glue_7t)
 .glue_7t       0x080035b0        0x0 linker stubs
 *(.eh_frame)
 .eh_frame      0x080035b0        0x0 c:/eclipse/systemworkbench/plugins/fr.ac6.mcu.externaltools.arm-none.win32_1.13.3.201707031232/tools/compiler/bin/../lib/gcc/arm-none-eabi/5.4.1/armv7e-m/fpu/crtbegin.o
 *(.init)
 .init          0x080035b0        0x4 c:/eclipse/systemworkbench/plugins/fr.ac6.mcu.externaltools.arm-none.win32_1.13.3.201707031232/tools/compiler/bin/../lib/gcc/arm-none-eabi/5.4.1/armv7e-m/fpu/crti.o
                0x080035b0                _init
 .init          0x080035b4        0x8 c:/eclipse/systemworkbench/plugins/fr.ac6.mcu.externaltools.arm-none.win32_1.13.3.201707031232/tools/compiler/bin/../lib/gcc/arm-none-eabi/5.4.1/armv7e-m/fpu/crtn.o
 *(.fini)
 .fini          0x080035bc        0x4 c:/eclipse/systemworkbench/plugins/fr.ac6.mcu.externaltools.arm-none.win32_1.13.3.201707031232/tools/compiler/bin/../lib/gcc/arm-none-eabi/5.4.1/armv7e-m/fpu/crti.o
                0x080035bc                _fini
 .fini          0x080035c0        0x8 c:/eclipse/systemworkbench/plugins/fr.ac6.mcu.externaltools.arm-none.win32_1.13.3.201707031232/tools/compiler/bin/../lib/gcc/arm-none-eabi/5.4.1/armv7e-m/fpu/crtn.o
                0x080035c8                . = ALIGN (0x4)
                0x080035c8                _etext = .

.vfp11_veneer   0x080035c8        0x0
 .vfp11_veneer  0x080035c8        0x0 linker stubs

.v4_bx          0x080035c8        0x0
 .v4_bx         0x080035c8        0x0 linker stubs

.iplt           0x080035c8        0x0
 .iplt          0x080035c8        0x0 c:/eclipse/systemworkbench/plugins/fr.ac6.mcu.externaltools.arm-none.win32_1.13.3.201707031232/tools/compiler/bin/../lib/gcc/arm-none-eabi/5.4.1/armv7e-m/fpu/crtbegin.o

.rodata         0x080035c8       0x9c
                0x080035c8                . = ALIGN (0x4)
 *(.rodata)
 .rodata        0x080035c8       0x10 Drivers/STM32F4xx_HAL_Driver/Src/stm32f4xx_hal_rcc.o
                0x080035c8                APBAHBPrescTable
 *(.rodata*)
 .rodata.str1.1
                0x080035d8       0x4a Src/usbd_desc.o
 .rodata.str1.1
                0x08003622       0x42 Src/usbd_dfu_flash.o
                0x08003664                . = ALIGN (0x4)

.rel.dyn        0x08003664        0x0
 .rel.iplt      0x08003664        0x0 c:/eclipse/systemworkbench/plugins/fr.ac6.mcu.externaltools.arm-none.win32_1.13.3.201707031232/tools/compiler/bin/../lib/gcc/arm-none-eabi/5.4.1/armv7e-m/fpu/crtbegin.o

.ARM.extab
 *(.ARM.extab* .gnu.linkonce.armextab.*)

.ARM            0x08003664        0x0
                0x08003664                __exidx_start = .
 *(.ARM.exidx*)
                0x08003664                __exidx_end = .

.preinit_array  0x08003664        0x0
                0x08003664                PROVIDE (__preinit_array_start, .)
 *(.preinit_array*)
                0x08003664                PROVIDE (__preinit_array_end, .)

.init_array     0x08003664        0x4
                0x08003664                PROVIDE (__init_array_start, .)
 *(SORT(.init_array.*))
 *(.init_array*)
 .init_array    0x08003664        0x4 c:/eclipse/systemworkbench/plugins/fr.ac6.mcu.externaltools.arm-none.win32_1.13.3.201707031232/tools/compiler/bin/../lib/gcc/arm-none-eabi/5.4.1/armv7e-m/fpu/crtbegin.o
                0x08003668                PROVIDE (__init_array_end, .)

.fini_array     0x08003668        0x4
                [!provide]                PROVIDE (__fini_array_start, .)
 *(SORT(.fini_array.*))
 *(.fini_array*)
 .fini_array    0x08003668        0x4 c:/eclipse/systemworkbench/plugins/fr.ac6.mcu.externaltools.arm-none.win32_1.13.3.201707031232/tools/compiler/bin/../lib/gcc/arm-none-eabi/5.4.1/armv7e-m/fpu/crtbegin.o
                [!provide]                PROVIDE (__fini_array_end, .)
                0x0800366c                _sidata = LOADADDR (.data)

.data           0x20000000       0xd4 load address 0x0800366c
                0x20000000                . = ALIGN (0x4)
                0x20000000                _sdata = .
 *(.data)
 .data          0x20000000       0x64 Middlewares/ST/STM32_USB_Device_Library/Class/DFU/Src/usbd_dfu.o
                0x20000028                USBD_DFU
 .data          0x20000064        0x4 Src/system_stm32f4xx.o
                0x20000064                SystemCoreClock
 .data          0x20000068       0x50 Src/usbd_desc.o
                0x20000068                USBD_DeviceDesc
                0x2000007c                USBD_LangIDDesc
                0x20000080                USBD_StringSerial
                0x2000009c                DFU_Desc
 .data          0x200000b8       0x1c Src/usbd_dfu_flash.o
                0x200000b8                USBD_DFU_Flash_fops
 *(.data*)
                0x200000d4                . = ALIGN (0x4)
                0x200000d4                _edata = .
                0x08003740                _siccmram = LOADADDR (.ccmram)

.jcr            0x200000d4        0x0 load address 0x08003740
 .jcr           0x200000d4        0x0 c:/eclipse/systemworkbench/plugins/fr.ac6.mcu.externaltools.arm-none.win32_1.13.3.201707031232/tools/compiler/bin/../lib/gcc/arm-none-eabi/5.4.1/armv7e-m/fpu/crtbegin.o

.igot.plt       0x200000d4        0x0 load address 0x08003740
 .igot.plt      0x200000d4        0x0 c:/eclipse/systemworkbench/plugins/fr.ac6.mcu.externaltools.arm-none.win32_1.13.3.201707031232/tools/compiler/bin/../lib/gcc/arm-none-eabi/5.4.1/armv7e-m/fpu/crtbegin.o

.ccmram         0x10000000        0x0 load address 0x08003740
                0x10000000                . = ALIGN (0x4)
                0x10000000                _sccmram = .
 *(.ccmram)
 *(.ccmram*)
                0x10000000                . = ALIGN (0x4)
                0x10000000                _eccmram = .
                0x10000000                . = ALIGN (0x4)

.bss            0x200000d4      0xc74
                0x200000d4                _sbss = .
                0x200000d4                __bss_start__ = _sbss
 *(.bss)
 .bss           0x200000d4       0x1c c:/eclipse/systemworkbench/plugins/fr.ac6.mcu.externaltools.arm-none.win32_1.13.3.201707031232/tools/compiler/bin/../lib/gcc/arm-none-eabi/5.4.1/armv7e-m/fpu/crtbegin.o
 .bss           0x200000f0       0xff Middlewares/ST/STM32_USB_Device_Library/Class/DFU/Src/usbd_dfu.o
 .bss           0x200001ef        0x1 Middlewares/ST/STM32_USB_Device_Library/Core/Src/usbd_ctlreq.o
 .bss           0x200001f0      0x418 Src/usbd_conf.o
 *(.bss*)
 *(COMMON)
 COMMON         0x20000608        0x4 Drivers/STM32F4xx_HAL_Driver/Src/stm32f4xx_hal.o
                0x20000608                uwTick
 COMMON         0x2000060c       0x20 Drivers/STM32F4xx_HAL_Driver/Src/stm32f4xx_hal_flash.o
                0x2000060c                pFlash
 COMMON         0x2000062c      0x22c Src/main.o
                0x2000062c                JumpAddress
                0x20000630                USBD_Device
                0x20000854                JumpToApplication
 COMMON         0x20000858      0x3f0 Src/usbd_conf.o
                0x20000858                hpcd
 COMMON         0x20000c48      0x100 Src/usbd_desc.o
                0x20000c48                USBD_StrDesc
                0x20000d48                . = ALIGN (0x4)
                0x20000d48                _ebss = .
                0x20000d48                __bss_end__ = _ebss

._user_heap_stack
                0x20000d48      0x600
                0x20000d48                . = ALIGN (0x8)
                [!provide]                PROVIDE (end, .)
                [!provide]                PROVIDE (_end, .)
                0x20000f48                . = (. + _Min_Heap_Size)
 *fill*         0x20000d48      0x200 
                0x20001348                . = (. + _Min_Stack_Size)
 *fill*         0x20000f48      0x400 
                0x20001348                . = ALIGN (0x8)

/DISCARD/
 libc.a(*)
 libm.a(*)
 libgcc.a(*)

.ARM.attributes
                0x00000000       0x30
 *(.ARM.attributes)
 .ARM.attributes
                0x00000000       0x22 c:/eclipse/systemworkbench/plugins/fr.ac6.mcu.externaltools.arm-none.win32_1.13.3.201707031232/tools/compiler/bin/../lib/gcc/arm-none-eabi/5.4.1/armv7e-m/fpu/crti.o
 .ARM.attributes
                0x00000022       0x34 c:/eclipse/systemworkbench/plugins/fr.ac6.mcu.externaltools.arm-none.win32_1.13.3.201707031232/tools/compiler/bin/../lib/gcc/arm-none-eabi/5.4.1/armv7e-m/fpu/crtbegin.o
 .ARM.attributes
                0x00000056       0x39 Drivers/STM32F4xx_HAL_Driver/Src/stm32f4xx_hal.o
 .ARM.attributes
                0x0000008f       0x39 Drivers/STM32F4xx_HAL_Driver/Src/stm32f4xx_hal_cortex.o
 .ARM.attributes
                0x000000c8       0x39 Drivers/STM32F4xx_HAL_Driver/Src/stm32f4xx_hal_flash.o
 .ARM.attributes
                0x00000101       0x39 Drivers/STM32F4xx_HAL_Driver/Src/stm32f4xx_hal_flash_ex.o
 .ARM.attributes
                0x0000013a       0x39 Drivers/STM32F4xx_HAL_Driver/Src/stm32f4xx_hal_gpio.o
 .ARM.attributes
                0x00000173       0x39 Drivers/STM32F4xx_HAL_Driver/Src/stm32f4xx_hal_pcd.o
 .ARM.attributes
                0x000001ac       0x39 Drivers/STM32F4xx_HAL_Driver/Src/stm32f4xx_hal_pcd_ex.o
 .ARM.attributes
                0x000001e5       0x39 Drivers/STM32F4xx_HAL_Driver/Src/stm32f4xx_hal_pwr.o
 .ARM.attributes
                0x0000021e       0x39 Drivers/STM32F4xx_HAL_Driver/Src/stm32f4xx_hal_rcc.o
 .ARM.attributes
                0x00000257       0x39 Drivers/STM32F4xx_HAL_Driver/Src/stm32f4xx_hal_rtc_ex.o
 .ARM.attributes
                0x00000290       0x39 Drivers/STM32F4xx_HAL_Driver/Src/stm32f4xx_ll_usb.o
 .ARM.attributes
                0x000002c9       0x39 Middlewares/ST/STM32_USB_Device_Library/Class/DFU/Src/usbd_dfu.o
 .ARM.attributes
                0x00000302       0x39 Middlewares/ST/STM32_USB_Device_Library/Core/Src/usbd_core.o
 .ARM.attributes
                0x0000033b       0x39 Middlewares/ST/STM32_USB_Device_Library/Core/Src/usbd_ctlreq.o
 .ARM.attributes
                0x00000374       0x39 Middlewares/ST/STM32_USB_Device_Library/Core/Src/usbd_ioreq.o
 .ARM.attributes
                0x000003ad       0x39 Src/gpio.o
 .ARM.attributes
                0x000003e6       0x39 Src/main.o
 .ARM.attributes
                0x0000041f       0x39 Src/stm32f4xx_hal_msp.o
 .ARM.attributes
                0x00000458       0x39 Src/stm32f4xx_it.o
 .ARM.attributes
                0x00000491       0x39 Src/system_stm32f4xx.o
 .ARM.attributes
                0x000004ca       0x39 Src/usbd_conf.o
 .ARM.attributes
                0x00000503       0x39 Src/usbd_desc.o
 .ARM.attributes
                0x0000053c       0x39 Src/usbd_dfu_flash.o
 .ARM.attributes
                0x00000575       0x21 startup/startup_stm32f446xx.o
 .ARM.attributes
                0x00000596       0x34 c:/eclipse/systemworkbench/plugins/fr.ac6.mcu.externaltools.arm-none.win32_1.13.3.201707031232/tools/compiler/bin/../lib/gcc/arm-none-eabi/5.4.1/../../../../arm-none-eabi/lib/armv7e-m/fpu\libc_nano.a(lib_a-init.o)
 .ARM.attributes
                0x000005ca       0x22 c:/eclipse/systemworkbench/plugins/fr.ac6.mcu.externaltools.arm-none.win32_1.13.3.201707031232/tools/compiler/bin/../lib/gcc/arm-none-eabi/5.4.1/armv7e-m/fpu/crtn.o
OUTPUT(F4Bootloader.elf elf32-littlearm)

.debug_info     0x00000000    0x1065b
 .debug_info    0x00000000      0x8e0 Drivers/STM32F4xx_HAL_Driver/Src/stm32f4xx_hal.o
 .debug_info    0x000008e0      0xe7f Drivers/STM32F4xx_HAL_Driver/Src/stm32f4xx_hal_cortex.o
 .debug_info    0x0000175f      0x6e9 Drivers/STM32F4xx_HAL_Driver/Src/stm32f4xx_hal_flash.o
 .debug_info    0x00001e48      0x896 Drivers/STM32F4xx_HAL_Driver/Src/stm32f4xx_hal_flash_ex.o
 .debug_info    0x000026de      0x731 Drivers/STM32F4xx_HAL_Driver/Src/stm32f4xx_hal_gpio.o
 .debug_info    0x00002e0f     0x129e Drivers/STM32F4xx_HAL_Driver/Src/stm32f4xx_hal_pcd.o
 .debug_info    0x000040ad      0x574 Drivers/STM32F4xx_HAL_Driver/Src/stm32f4xx_hal_pcd_ex.o
 .debug_info    0x00004621      0x872 Drivers/STM32F4xx_HAL_Driver/Src/stm32f4xx_hal_pwr.o
 .debug_info    0x00004e93      0xc97 Drivers/STM32F4xx_HAL_Driver/Src/stm32f4xx_hal_rcc.o
 .debug_info    0x00005b2a      0xfc9 Drivers/STM32F4xx_HAL_Driver/Src/stm32f4xx_hal_rtc_ex.o
 .debug_info    0x00006af3     0x16fa Drivers/STM32F4xx_HAL_Driver/Src/stm32f4xx_ll_usb.o
 .debug_info    0x000081ed     0x10ae Middlewares/ST/STM32_USB_Device_Library/Class/DFU/Src/usbd_dfu.o
 .debug_info    0x0000929b      0xc08 Middlewares/ST/STM32_USB_Device_Library/Core/Src/usbd_core.o
 .debug_info    0x00009ea3      0xc0c Middlewares/ST/STM32_USB_Device_Library/Core/Src/usbd_ctlreq.o
 .debug_info    0x0000aaaf      0x790 Middlewares/ST/STM32_USB_Device_Library/Core/Src/usbd_ioreq.o
 .debug_info    0x0000b23f      0x46a Src/gpio.o
 .debug_info    0x0000b6a9     0x1f57 Src/main.o
 .debug_info    0x0000d600      0x3f4 Src/stm32f4xx_hal_msp.o
 .debug_info    0x0000d9f4      0x562 Src/stm32f4xx_it.o
 .debug_info    0x0000df56      0x500 Src/system_stm32f4xx.o
 .debug_info    0x0000e456     0x16e5 Src/usbd_conf.o
 .debug_info    0x0000fb3b      0x5b0 Src/usbd_desc.o
 .debug_info    0x000100eb      0x4ee Src/usbd_dfu_flash.o
 .debug_info    0x000105d9       0x82 startup/startup_stm32f446xx.o

.debug_abbrev   0x00000000     0x34e9
 .debug_abbrev  0x00000000      0x247 Drivers/STM32F4xx_HAL_Driver/Src/stm32f4xx_hal.o
 .debug_abbrev  0x00000247      0x332 Drivers/STM32F4xx_HAL_Driver/Src/stm32f4xx_hal_cortex.o
 .debug_abbrev  0x00000579      0x2c7 Drivers/STM32F4xx_HAL_Driver/Src/stm32f4xx_hal_flash.o
 .debug_abbrev  0x00000840      0x2df Drivers/STM32F4xx_HAL_Driver/Src/stm32f4xx_hal_flash_ex.o
 .debug_abbrev  0x00000b1f      0x1cb Drivers/STM32F4xx_HAL_Driver/Src/stm32f4xx_hal_gpio.o
 .debug_abbrev  0x00000cea      0x2fd Drivers/STM32F4xx_HAL_Driver/Src/stm32f4xx_hal_pcd.o
 .debug_abbrev  0x00000fe7      0x172 Drivers/STM32F4xx_HAL_Driver/Src/stm32f4xx_hal_pcd_ex.o
 .debug_abbrev  0x00001159      0x1f8 Drivers/STM32F4xx_HAL_Driver/Src/stm32f4xx_hal_pwr.o
 .debug_abbrev  0x00001351      0x321 Drivers/STM32F4xx_HAL_Driver/Src/stm32f4xx_hal_rcc.o
 .debug_abbrev  0x00001672      0x22f Drivers/STM32F4xx_HAL_Driver/Src/stm32f4xx_hal_rtc_ex.o
 .debug_abbrev  0x000018a1      0x2e1 Drivers/STM32F4xx_HAL_Driver/Src/stm32f4xx_ll_usb.o
 .debug_abbrev  0x00001b82      0x36d Middlewares/ST/STM32_USB_Device_Library/Class/DFU/Src/usbd_dfu.o
 .debug_abbrev  0x00001eef      0x273 Middlewares/ST/STM32_USB_Device_Library/Core/Src/usbd_core.o
 .debug_abbrev  0x00002162      0x2c7 Middlewares/ST/STM32_USB_Device_Library/Core/Src/usbd_ctlreq.o
 .debug_abbrev  0x00002429      0x158 Middlewares/ST/STM32_USB_Device_Library/Core/Src/usbd_ioreq.o
 .debug_abbrev  0x00002581      0x151 Src/gpio.o
 .debug_abbrev  0x000026d2      0x3ae Src/main.o
 .debug_abbrev  0x00002a80       0xc5 Src/stm32f4xx_hal_msp.o
 .debug_abbrev  0x00002b45      0x1b1 Src/stm32f4xx_it.o
 .debug_abbrev  0x00002cf6      0x104 Src/system_stm32f4xx.o
 .debug_abbrev  0x00002dfa      0x2b8 Src/usbd_conf.o
 .debug_abbrev  0x000030b2      0x227 Src/usbd_desc.o
 .debug_abbrev  0x000032d9      0x1fe Src/usbd_dfu_flash.o
 .debug_abbrev  0x000034d7       0x12 startup/startup_stm32f446xx.o

.debug_loc      0x00000000     0x6914
 .debug_loc     0x00000000       0x92 Drivers/STM32F4xx_HAL_Driver/Src/stm32f4xx_hal.o
 .debug_loc     0x00000092      0x4ab Drivers/STM32F4xx_HAL_Driver/Src/stm32f4xx_hal_cortex.o
 .debug_loc     0x0000053d      0x2ef Drivers/STM32F4xx_HAL_Driver/Src/stm32f4xx_hal_flash.o
 .debug_loc     0x0000082c      0x3fb Drivers/STM32F4xx_HAL_Driver/Src/stm32f4xx_hal_flash_ex.o
 .debug_loc     0x00000c27      0x374 Drivers/STM32F4xx_HAL_Driver/Src/stm32f4xx_hal_gpio.o
 .debug_loc     0x00000f9b      0xb50 Drivers/STM32F4xx_HAL_Driver/Src/stm32f4xx_hal_pcd.o
 .debug_loc     0x00001aeb       0xda Drivers/STM32F4xx_HAL_Driver/Src/stm32f4xx_hal_pcd_ex.o
 .debug_loc     0x00001bc5       0xd8 Drivers/STM32F4xx_HAL_Driver/Src/stm32f4xx_hal_pwr.o
 .debug_loc     0x00001c9d      0x485 Drivers/STM32F4xx_HAL_Driver/Src/stm32f4xx_hal_rcc.o
 .debug_loc     0x00002122      0xadc Drivers/STM32F4xx_HAL_Driver/Src/stm32f4xx_hal_rtc_ex.o
 .debug_loc     0x00002bfe     0x1473 Drivers/STM32F4xx_HAL_Driver/Src/stm32f4xx_ll_usb.o
 .debug_loc     0x00004071      0xa25 Middlewares/ST/STM32_USB_Device_Library/Class/DFU/Src/usbd_dfu.o
 .debug_loc     0x00004a96      0x5d9 Middlewares/ST/STM32_USB_Device_Library/Core/Src/usbd_core.o
 .debug_loc     0x0000506f      0x710 Middlewares/ST/STM32_USB_Device_Library/Core/Src/usbd_ctlreq.o
 .debug_loc     0x0000577f      0x23c Middlewares/ST/STM32_USB_Device_Library/Core/Src/usbd_ioreq.o
 .debug_loc     0x000059bb      0x1b7 Src/main.o
 .debug_loc     0x00005b72       0xd7 Src/system_stm32f4xx.o
 .debug_loc     0x00005c49      0x682 Src/usbd_conf.o
 .debug_loc     0x000062cb      0x324 Src/usbd_desc.o
 .debug_loc     0x000065ef      0x325 Src/usbd_dfu_flash.o

.debug_aranges  0x00000000      0xbc0
 .debug_aranges
                0x00000000       0xb8 Drivers/STM32F4xx_HAL_Driver/Src/stm32f4xx_hal.o
 .debug_aranges
                0x000000b8       0x98 Drivers/STM32F4xx_HAL_Driver/Src/stm32f4xx_hal_cortex.o
 .debug_aranges
                0x00000150       0x88 Drivers/STM32F4xx_HAL_Driver/Src/stm32f4xx_hal_flash.o
 .debug_aranges
                0x000001d8       0x50 Drivers/STM32F4xx_HAL_Driver/Src/stm32f4xx_hal_flash_ex.o
 .debug_aranges
                0x00000228       0x58 Drivers/STM32F4xx_HAL_Driver/Src/stm32f4xx_hal_gpio.o
 .debug_aranges
                0x00000280       0xc0 Drivers/STM32F4xx_HAL_Driver/Src/stm32f4xx_hal_pcd.o
 .debug_aranges
                0x00000340       0x28 Drivers/STM32F4xx_HAL_Driver/Src/stm32f4xx_hal_pcd_ex.o
 .debug_aranges
                0x00000368       0xa0 Drivers/STM32F4xx_HAL_Driver/Src/stm32f4xx_hal_pwr.o
 .debug_aranges
                0x00000408       0x80 Drivers/STM32F4xx_HAL_Driver/Src/stm32f4xx_hal_rcc.o
 .debug_aranges
                0x00000488      0x110 Drivers/STM32F4xx_HAL_Driver/Src/stm32f4xx_hal_rtc_ex.o
 .debug_aranges
                0x00000598      0x180 Drivers/STM32F4xx_HAL_Driver/Src/stm32f4xx_ll_usb.o
 .debug_aranges
                0x00000718       0x68 Middlewares/ST/STM32_USB_Device_Library/Class/DFU/Src/usbd_dfu.o
 .debug_aranges
                0x00000780       0xa8 Middlewares/ST/STM32_USB_Device_Library/Core/Src/usbd_core.o
 .debug_aranges
                0x00000828       0x48 Middlewares/ST/STM32_USB_Device_Library/Core/Src/usbd_ctlreq.o
 .debug_aranges
                0x00000870       0x50 Middlewares/ST/STM32_USB_Device_Library/Core/Src/usbd_ioreq.o
 .debug_aranges
                0x000008c0       0x20 Src/gpio.o
 .debug_aranges
                0x000008e0       0x78 Src/main.o
 .debug_aranges
                0x00000958       0x20 Src/stm32f4xx_hal_msp.o
 .debug_aranges
                0x00000978       0x50 Src/stm32f4xx_it.o
 .debug_aranges
                0x000009c8       0x28 Src/system_stm32f4xx.o
 .debug_aranges
                0x000009f0      0x108 Src/usbd_conf.o
 .debug_aranges
                0x00000af8       0x58 Src/usbd_desc.o
 .debug_aranges
                0x00000b50       0x48 Src/usbd_dfu_flash.o
 .debug_aranges
                0x00000b98       0x28 startup/startup_stm32f446xx.o

.debug_ranges   0x00000000      0xdb0
 .debug_ranges  0x00000000       0xa8 Drivers/STM32F4xx_HAL_Driver/Src/stm32f4xx_hal.o
 .debug_ranges  0x000000a8      0x148 Drivers/STM32F4xx_HAL_Driver/Src/stm32f4xx_hal_cortex.o
 .debug_ranges  0x000001f0       0xa8 Drivers/STM32F4xx_HAL_Driver/Src/stm32f4xx_hal_flash.o
 .debug_ranges  0x00000298       0xd8 Drivers/STM32F4xx_HAL_Driver/Src/stm32f4xx_hal_flash_ex.o
 .debug_ranges  0x00000370       0x70 Drivers/STM32F4xx_HAL_Driver/Src/stm32f4xx_hal_gpio.o
 .debug_ranges  0x000003e0       0xb0 Drivers/STM32F4xx_HAL_Driver/Src/stm32f4xx_hal_pcd.o
 .debug_ranges  0x00000490       0x18 Drivers/STM32F4xx_HAL_Driver/Src/stm32f4xx_hal_pcd_ex.o
 .debug_ranges  0x000004a8       0x90 Drivers/STM32F4xx_HAL_Driver/Src/stm32f4xx_hal_pwr.o
 .debug_ranges  0x00000538      0x150 Drivers/STM32F4xx_HAL_Driver/Src/stm32f4xx_hal_rcc.o
 .debug_ranges  0x00000688      0x100 Drivers/STM32F4xx_HAL_Driver/Src/stm32f4xx_hal_rtc_ex.o
 .debug_ranges  0x00000788      0x170 Drivers/STM32F4xx_HAL_Driver/Src/stm32f4xx_ll_usb.o
 .debug_ranges  0x000008f8       0x70 Middlewares/ST/STM32_USB_Device_Library/Class/DFU/Src/usbd_dfu.o
 .debug_ranges  0x00000968       0x98 Middlewares/ST/STM32_USB_Device_Library/Core/Src/usbd_core.o
 .debug_ranges  0x00000a00       0x38 Middlewares/ST/STM32_USB_Device_Library/Core/Src/usbd_ctlreq.o
 .debug_ranges  0x00000a38       0x40 Middlewares/ST/STM32_USB_Device_Library/Core/Src/usbd_ioreq.o
 .debug_ranges  0x00000a78       0x48 Src/gpio.o
 .debug_ranges  0x00000ac0       0x68 Src/main.o
 .debug_ranges  0x00000b28       0x10 Src/stm32f4xx_hal_msp.o
 .debug_ranges  0x00000b38       0x40 Src/stm32f4xx_it.o
 .debug_ranges  0x00000b78       0x18 Src/system_stm32f4xx.o
 .debug_ranges  0x00000b90      0x130 Src/usbd_conf.o
 .debug_ranges  0x00000cc0       0x78 Src/usbd_desc.o
 .debug_ranges  0x00000d38       0x58 Src/usbd_dfu_flash.o
 .debug_ranges  0x00000d90       0x20 startup/startup_stm32f446xx.o

.debug_macro    0x00000000    0x23f74
 .debug_macro   0x00000000      0x378 Drivers/STM32F4xx_HAL_Driver/Src/stm32f4xx_hal.o
 .debug_macro   0x00000378      0x89e Drivers/STM32F4xx_HAL_Driver/Src/stm32f4xx_hal.o
 .debug_macro   0x00000c16       0x9e Drivers/STM32F4xx_HAL_Driver/Src/stm32f4xx_hal.o
 .debug_macro   0x00000cb4       0x33 Drivers/STM32F4xx_HAL_Driver/Src/stm32f4xx_hal.o
 .debug_macro   0x00000ce7       0x28 Drivers/STM32F4xx_HAL_Driver/Src/stm32f4xx_hal.o
 .debug_macro   0x00000d0f       0x22 Drivers/STM32F4xx_HAL_Driver/Src/stm32f4xx_hal.o
 .debug_macro   0x00000d31       0x87 Drivers/STM32F4xx_HAL_Driver/Src/stm32f4xx_hal.o
 .debug_macro   0x00000db8       0x44 Drivers/STM32F4xx_HAL_Driver/Src/stm32f4xx_hal.o
 .debug_macro   0x00000dfc       0xfd Drivers/STM32F4xx_HAL_Driver/Src/stm32f4xx_hal.o
 .debug_macro   0x00000ef9       0x5e Drivers/STM32F4xx_HAL_Driver/Src/stm32f4xx_hal.o
 .debug_macro   0x00000f57      0x1df Drivers/STM32F4xx_HAL_Driver/Src/stm32f4xx_hal.o
 .debug_macro   0x00001136       0x35 Drivers/STM32F4xx_HAL_Driver/Src/stm32f4xx_hal.o
 .debug_macro   0x0000116b       0x50 Drivers/STM32F4xx_HAL_Driver/Src/stm32f4xx_hal.o
 .debug_macro   0x000011bb      0xe66 Drivers/STM32F4xx_HAL_Driver/Src/stm32f4xx_hal.o
 .debug_macro   0x00002021    0x15e04 Drivers/STM32F4xx_HAL_Driver/Src/stm32f4xx_hal.o
 .debug_macro   0x00017e25       0x43 Drivers/STM32F4xx_HAL_Driver/Src/stm32f4xx_hal.o
 .debug_macro   0x00017e68     0x347f Drivers/STM32F4xx_HAL_Driver/Src/stm32f4xx_hal.o
 .debug_macro   0x0001b2e7       0x52 Drivers/STM32F4xx_HAL_Driver/Src/stm32f4xx_hal.o
 .debug_macro   0x0001b339       0x35 Drivers/STM32F4xx_HAL_Driver/Src/stm32f4xx_hal.o
 .debug_macro   0x0001b36e       0x9c Drivers/STM32F4xx_HAL_Driver/Src/stm32f4xx_hal.o
 .debug_macro   0x0001b40a       0x16 Drivers/STM32F4xx_HAL_Driver/Src/stm32f4xx_hal.o
 .debug_macro   0x0001b420       0x97 Drivers/STM32F4xx_HAL_Driver/Src/stm32f4xx_hal.o
 .debug_macro   0x0001b4b7      0x30d Drivers/STM32F4xx_HAL_Driver/Src/stm32f4xx_hal.o
 .debug_macro   0x0001b7c4       0xfd Drivers/STM32F4xx_HAL_Driver/Src/stm32f4xx_hal.o
 .debug_macro   0x0001b8c1       0x10 Drivers/STM32F4xx_HAL_Driver/Src/stm32f4xx_hal.o
 .debug_macro   0x0001b8d1       0x52 Drivers/STM32F4xx_HAL_Driver/Src/stm32f4xx_hal.o
 .debug_macro   0x0001b923       0x1f Drivers/STM32F4xx_HAL_Driver/Src/stm32f4xx_hal.o
 .debug_macro   0x0001b942       0x43 Drivers/STM32F4xx_HAL_Driver/Src/stm32f4xx_hal.o
 .debug_macro   0x0001b985       0x20 Drivers/STM32F4xx_HAL_Driver/Src/stm32f4xx_hal.o
 .debug_macro   0x0001b9a5      0x187 Drivers/STM32F4xx_HAL_Driver/Src/stm32f4xx_hal.o
 .debug_macro   0x0001bb2c       0x10 Drivers/STM32F4xx_HAL_Driver/Src/stm32f4xx_hal.o
 .debug_macro   0x0001bb3c       0x1c Drivers/STM32F4xx_HAL_Driver/Src/stm32f4xx_hal.o
 .debug_macro   0x0001bb58       0x52 Drivers/STM32F4xx_HAL_Driver/Src/stm32f4xx_hal.o
 .debug_macro   0x0001bbaa       0x40 Drivers/STM32F4xx_HAL_Driver/Src/stm32f4xx_hal.o
 .debug_macro   0x0001bbea       0x10 Drivers/STM32F4xx_HAL_Driver/Src/stm32f4xx_hal.o
 .debug_macro   0x0001bbfa       0x40 Drivers/STM32F4xx_HAL_Driver/Src/stm32f4xx_hal.o
 .debug_macro   0x0001bc3a       0xd7 Drivers/STM32F4xx_HAL_Driver/Src/stm32f4xx_hal.o
 .debug_macro   0x0001bd11       0x16 Drivers/STM32F4xx_HAL_Driver/Src/stm32f4xx_hal.o
 .debug_macro   0x0001bd27      0x18b Drivers/STM32F4xx_HAL_Driver/Src/stm32f4xx_hal.o
 .debug_macro   0x0001beb2       0x50 Drivers/STM32F4xx_HAL_Driver/Src/stm32f4xx_hal.o
 .debug_macro   0x0001bf02      0x964 Drivers/STM32F4xx_HAL_Driver/Src/stm32f4xx_hal.o
 .debug_macro   0x0001c866      0x9e1 Drivers/STM32F4xx_HAL_Driver/Src/stm32f4xx_hal.o
 .debug_macro   0x0001d247      0x11e Drivers/STM32F4xx_HAL_Driver/Src/stm32f4xx_hal.o
 .debug_macro   0x0001d365      0x13e Drivers/STM32F4xx_HAL_Driver/Src/stm32f4xx_hal.o
 .debug_macro   0x0001d4a3       0x27 Drivers/STM32F4xx_HAL_Driver/Src/stm32f4xx_hal.o
 .debug_macro   0x0001d4ca      0x287 Drivers/STM32F4xx_HAL_Driver/Src/stm32f4xx_hal.o
 .debug_macro   0x0001d751       0x5f Drivers/STM32F4xx_HAL_Driver/Src/stm32f4xx_hal.o
 .debug_macro   0x0001d7b0      0x23a Drivers/STM32F4xx_HAL_Driver/Src/stm32f4xx_hal.o
 .debug_macro   0x0001d9ea      0x13a Drivers/STM32F4xx_HAL_Driver/Src/stm32f4xx_hal.o
 .debug_macro   0x0001db24      0x21e Drivers/STM32F4xx_HAL_Driver/Src/stm32f4xx_hal.o
 .debug_macro   0x0001dd42       0x2e Drivers/STM32F4xx_HAL_Driver/Src/stm32f4xx_hal.o
 .debug_macro   0x0001dd70      0x11e Drivers/STM32F4xx_HAL_Driver/Src/stm32f4xx_hal.o
 .debug_macro   0x0001de8e       0x7f Drivers/STM32F4xx_HAL_Driver/Src/stm32f4xx_hal.o
 .debug_macro   0x0001df0d       0x89 Drivers/STM32F4xx_HAL_Driver/Src/stm32f4xx_hal.o
 .debug_macro   0x0001df96      0x31a Drivers/STM32F4xx_HAL_Driver/Src/stm32f4xx_hal.o
 .debug_macro   0x0001e2b0      0x409 Drivers/STM32F4xx_HAL_Driver/Src/stm32f4xx_hal.o
 .debug_macro   0x0001e6b9       0xe4 Drivers/STM32F4xx_HAL_Driver/Src/stm32f4xx_hal.o
 .debug_macro   0x0001e79d      0x1df Drivers/STM32F4xx_HAL_Driver/Src/stm32f4xx_hal.o
 .debug_macro   0x0001e97c      0x115 Drivers/STM32F4xx_HAL_Driver/Src/stm32f4xx_hal.o
 .debug_macro   0x0001ea91      0x125 Drivers/STM32F4xx_HAL_Driver/Src/stm32f4xx_hal.o
 .debug_macro   0x0001ebb6      0x318 Drivers/STM32F4xx_HAL_Driver/Src/stm32f4xx_hal_cortex.o
 .debug_macro   0x0001eece      0x31e Drivers/STM32F4xx_HAL_Driver/Src/stm32f4xx_hal_flash.o
 .debug_macro   0x0001f1ec      0x31e Drivers/STM32F4xx_HAL_Driver/Src/stm32f4xx_hal_flash_ex.o
 .debug_macro   0x0001f50a      0x350 Drivers/STM32F4xx_HAL_Driver/Src/stm32f4xx_hal_gpio.o
 .debug_macro   0x0001f85a      0x324 Drivers/STM32F4xx_HAL_Driver/Src/stm32f4xx_hal_pcd.o
 .debug_macro   0x0001fb7e      0x318 Drivers/STM32F4xx_HAL_Driver/Src/stm32f4xx_hal_pcd_ex.o
 .debug_macro   0x0001fe96      0x330 Drivers/STM32F4xx_HAL_Driver/Src/stm32f4xx_hal_pwr.o
 .debug_macro   0x000201c6      0x342 Drivers/STM32F4xx_HAL_Driver/Src/stm32f4xx_hal_rcc.o
 .debug_macro   0x00020508      0x318 Drivers/STM32F4xx_HAL_Driver/Src/stm32f4xx_hal_rtc_ex.o
 .debug_macro   0x00020820      0x326 Drivers/STM32F4xx_HAL_Driver/Src/stm32f4xx_ll_usb.o
 .debug_macro   0x00020b46      0x3e5 Middlewares/ST/STM32_USB_Device_Library/Class/DFU/Src/usbd_dfu.o
 .debug_macro   0x00020f2b       0x16 Middlewares/ST/STM32_USB_Device_Library/Class/DFU/Src/usbd_dfu.o
 .debug_macro   0x00020f41       0x35 Middlewares/ST/STM32_USB_Device_Library/Class/DFU/Src/usbd_dfu.o
 .debug_macro   0x00020f76       0x16 Middlewares/ST/STM32_USB_Device_Library/Class/DFU/Src/usbd_dfu.o
 .debug_macro   0x00020f8c       0x29 Middlewares/ST/STM32_USB_Device_Library/Class/DFU/Src/usbd_dfu.o
 .debug_macro   0x00020fb5       0x16 Middlewares/ST/STM32_USB_Device_Library/Class/DFU/Src/usbd_dfu.o
 .debug_macro   0x00020fcb       0x76 Middlewares/ST/STM32_USB_Device_Library/Class/DFU/Src/usbd_dfu.o
 .debug_macro   0x00021041      0x1c3 Middlewares/ST/STM32_USB_Device_Library/Class/DFU/Src/usbd_dfu.o
 .debug_macro   0x00021204      0x10a Middlewares/ST/STM32_USB_Device_Library/Class/DFU/Src/usbd_dfu.o
 .debug_macro   0x0002130e       0x1c Middlewares/ST/STM32_USB_Device_Library/Class/DFU/Src/usbd_dfu.o
 .debug_macro   0x0002132a      0x3ad Middlewares/ST/STM32_USB_Device_Library/Core/Src/usbd_core.o
 .debug_macro   0x000216d7      0x1c9 Middlewares/ST/STM32_USB_Device_Library/Core/Src/usbd_core.o
 .debug_macro   0x000218a0      0x3b7 Middlewares/ST/STM32_USB_Device_Library/Core/Src/usbd_ctlreq.o
 .debug_macro   0x00021c57      0x3b3 Middlewares/ST/STM32_USB_Device_Library/Core/Src/usbd_ioreq.o
 .debug_macro   0x0002200a      0x3f5 Src/gpio.o
 .debug_macro   0x000223ff       0x9a Src/gpio.o
 .debug_macro   0x00022499       0x2e Src/gpio.o
 .debug_macro   0x000224c7      0x402 Src/main.o
 .debug_macro   0x000228c9       0x22 Src/main.o
 .debug_macro   0x000228eb      0x318 Src/stm32f4xx_hal_msp.o
 .debug_macro   0x00022c03      0x3f5 Src/stm32f4xx_it.o
 .debug_macro   0x00022ff8      0x31e Src/system_stm32f4xx.o
 .debug_macro   0x00023316      0x3eb Src/usbd_conf.o
 .debug_macro   0x00023701      0x3fc Src/usbd_desc.o
 .debug_macro   0x00023afd      0x3e3 Src/usbd_dfu_flash.o
 .debug_macro   0x00023ee0       0x94 Src/usbd_dfu_flash.o

.debug_line     0x00000000     0xf350
 .debug_line    0x00000000      0x9a3 Drivers/STM32F4xx_HAL_Driver/Src/stm32f4xx_hal.o
 .debug_line    0x000009a3      0xa18 Drivers/STM32F4xx_HAL_Driver/Src/stm32f4xx_hal_cortex.o
 .debug_line    0x000013bb      0xa0a Drivers/STM32F4xx_HAL_Driver/Src/stm32f4xx_hal_flash.o
 .debug_line    0x00001dc5      0x9ef Drivers/STM32F4xx_HAL_Driver/Src/stm32f4xx_hal_flash_ex.o
 .debug_line    0x000027b4      0x9ea Drivers/STM32F4xx_HAL_Driver/Src/stm32f4xx_hal_gpio.o
 .debug_line    0x0000319e      0xcc9 Drivers/STM32F4xx_HAL_Driver/Src/stm32f4xx_hal_pcd.o
 .debug_line    0x00003e67      0x85e Drivers/STM32F4xx_HAL_Driver/Src/stm32f4xx_hal_pcd_ex.o
 .debug_line    0x000046c5      0x9a7 Drivers/STM32F4xx_HAL_Driver/Src/stm32f4xx_hal_pwr.o
 .debug_line    0x0000506c      0xb51 Drivers/STM32F4xx_HAL_Driver/Src/stm32f4xx_hal_rcc.o
 .debug_line    0x00005bbd      0xe9c Drivers/STM32F4xx_HAL_Driver/Src/stm32f4xx_hal_rtc_ex.o
 .debug_line    0x00006a59      0xe12 Drivers/STM32F4xx_HAL_Driver/Src/stm32f4xx_ll_usb.o
 .debug_line    0x0000786b      0xbc9 Middlewares/ST/STM32_USB_Device_Library/Class/DFU/Src/usbd_dfu.o
 .debug_line    0x00008434      0xae7 Middlewares/ST/STM32_USB_Device_Library/Core/Src/usbd_core.o
 .debug_line    0x00008f1b      0xa3c Middlewares/ST/STM32_USB_Device_Library/Core/Src/usbd_ctlreq.o
 .debug_line    0x00009957      0x9b1 Middlewares/ST/STM32_USB_Device_Library/Core/Src/usbd_ioreq.o
 .debug_line    0x0000a308      0x9d0 Src/gpio.o
 .debug_line    0x0000acd8      0xb74 Src/main.o
 .debug_line    0x0000b84c      0x81c Src/stm32f4xx_hal_msp.o
 .debug_line    0x0000c068      0xa27 Src/stm32f4xx_it.o
 .debug_line    0x0000ca8f      0x843 Src/system_stm32f4xx.o
 .debug_line    0x0000d2d2      0xbf0 Src/usbd_conf.o
 .debug_line    0x0000dec2      0x9c4 Src/usbd_desc.o
 .debug_line    0x0000e886      0xa4b Src/usbd_dfu_flash.o
 .debug_line    0x0000f2d1       0x7f startup/startup_stm32f446xx.o

.debug_str      0x00000000    0xc47c6
 .debug_str     0x00000000    0xbf97c Drivers/STM32F4xx_HAL_Driver/Src/stm32f4xx_hal.o
                              0xbfd0d (size before relaxing)
 .debug_str     0x000bf97c      0x394 Drivers/STM32F4xx_HAL_Driver/Src/stm32f4xx_hal_cortex.o
                              0xbfab2 (size before relaxing)
 .debug_str     0x000bfd10      0x2ef Drivers/STM32F4xx_HAL_Driver/Src/stm32f4xx_hal_flash.o
                              0xbf424 (size before relaxing)
 .debug_str     0x000bffff      0x233 Drivers/STM32F4xx_HAL_Driver/Src/stm32f4xx_hal_flash_ex.o
                              0xbf4af (size before relaxing)
 .debug_str     0x000c0232      0x2e1 Drivers/STM32F4xx_HAL_Driver/Src/stm32f4xx_hal_gpio.o
                              0xbf4d7 (size before relaxing)
 .debug_str     0x000c0513      0x898 Drivers/STM32F4xx_HAL_Driver/Src/stm32f4xx_hal_pcd.o
                              0xbf9f4 (size before relaxing)
 .debug_str     0x000c0dab       0x4a Drivers/STM32F4xx_HAL_Driver/Src/stm32f4xx_hal_pcd_ex.o
                              0xbf446 (size before relaxing)
 .debug_str     0x000c0df5      0x2ac Drivers/STM32F4xx_HAL_Driver/Src/stm32f4xx_hal_pwr.o
                              0xbf4d1 (size before relaxing)
 .debug_str     0x000c10a1      0x382 Drivers/STM32F4xx_HAL_Driver/Src/stm32f4xx_hal_rcc.o
                              0xbf666 (size before relaxing)
 .debug_str     0x000c1423      0x77a Drivers/STM32F4xx_HAL_Driver/Src/stm32f4xx_hal_rtc_ex.o
                              0xbf8fd (size before relaxing)
 .debug_str     0x000c1b9d      0x3e3 Drivers/STM32F4xx_HAL_Driver/Src/stm32f4xx_ll_usb.o
                              0xbfa89 (size before relaxing)
 .debug_str     0x000c1f80     0x166f Middlewares/ST/STM32_USB_Device_Library/Class/DFU/Src/usbd_dfu.o
                              0xc089c (size before relaxing)
 .debug_str     0x000c35ef      0x28d Middlewares/ST/STM32_USB_Device_Library/Core/Src/usbd_core.o
                              0xc0188 (size before relaxing)
 .debug_str     0x000c387c      0x103 Middlewares/ST/STM32_USB_Device_Library/Core/Src/usbd_ctlreq.o
                              0xc00ba (size before relaxing)
 .debug_str     0x000c397f       0x78 Middlewares/ST/STM32_USB_Device_Library/Core/Src/usbd_ioreq.o
                              0xbffe7 (size before relaxing)
 .debug_str     0x000c39f7      0x50d Src/gpio.o
                              0xc0706 (size before relaxing)
 .debug_str     0x000c3f04      0x229 Src/main.o
                              0xc1783 (size before relaxing)
 .debug_str     0x000c412d       0x27 Src/stm32f4xx_hal_msp.o
                              0xbf5b2 (size before relaxing)
 .debug_str     0x000c4154       0xa1 Src/stm32f4xx_it.o
                              0xc0912 (size before relaxing)
 .debug_str     0x000c41f5       0x68 Src/system_stm32f4xx.o
                              0xbf25f (size before relaxing)
 .debug_str     0x000c425d      0x161 Src/usbd_conf.o
                              0xc173c (size before relaxing)
 .debug_str     0x000c43be      0x2b9 Src/usbd_desc.o
                              0xbff7d (size before relaxing)
 .debug_str     0x000c4677      0x14f Src/usbd_dfu_flash.o
                              0xc06a4 (size before relaxing)

.comment        0x00000000       0x6e
 .comment       0x00000000       0x6e Drivers/STM32F4xx_HAL_Driver/Src/stm32f4xx_hal.o
                                 0x6f (size before relaxing)
 .comment       0x0000006e       0x6f Drivers/STM32F4xx_HAL_Driver/Src/stm32f4xx_hal_cortex.o
 .comment       0x0000006e       0x6f Drivers/STM32F4xx_HAL_Driver/Src/stm32f4xx_hal_flash.o
 .comment       0x0000006e       0x6f Drivers/STM32F4xx_HAL_Driver/Src/stm32f4xx_hal_flash_ex.o
 .comment       0x0000006e       0x6f Drivers/STM32F4xx_HAL_Driver/Src/stm32f4xx_hal_gpio.o
 .comment       0x0000006e       0x6f Drivers/STM32F4xx_HAL_Driver/Src/stm32f4xx_hal_pcd.o
 .comment       0x0000006e       0x6f Drivers/STM32F4xx_HAL_Driver/Src/stm32f4xx_hal_pcd_ex.o
 .comment       0x0000006e       0x6f Drivers/STM32F4xx_HAL_Driver/Src/stm32f4xx_hal_pwr.o
 .comment       0x0000006e       0x6f Drivers/STM32F4xx_HAL_Driver/Src/stm32f4xx_hal_rcc.o
 .comment       0x0000006e       0x6f Drivers/STM32F4xx_HAL_Driver/Src/stm32f4xx_hal_rtc_ex.o
 .comment       0x0000006e       0x6f Drivers/STM32F4xx_HAL_Driver/Src/stm32f4xx_ll_usb.o
 .comment       0x0000006e       0x6f Middlewares/ST/STM32_USB_Device_Library/Class/DFU/Src/usbd_dfu.o
 .comment       0x0000006e       0x6f Middlewares/ST/STM32_USB_Device_Library/Core/Src/usbd_core.o
 .comment       0x0000006e       0x6f Middlewares/ST/STM32_USB_Device_Library/Core/Src/usbd_ctlreq.o
 .comment       0x0000006e       0x6f Middlewares/ST/STM32_USB_Device_Library/Core/Src/usbd_ioreq.o
 .comment       0x0000006e       0x6f Src/gpio.o
 .comment       0x0000006e       0x6f Src/main.o
 .comment       0x0000006e       0x6f Src/stm32f4xx_hal_msp.o
 .comment       0x0000006e       0x6f Src/stm32f4xx_it.o
 .comment       0x0000006e       0x6f Src/system_stm32f4xx.o
 .comment       0x0000006e       0x6f Src/usbd_conf.o
 .comment       0x0000006e       0x6f Src/usbd_desc.o
 .comment       0x0000006e       0x6f Src/usbd_dfu_flash.o

.debug_frame    0x00000000     0x1d70
 .debug_frame   0x00000000      0x184 Drivers/STM32F4xx_HAL_Driver/Src/stm32f4xx_hal.o
 .debug_frame   0x00000184      0x130 Drivers/STM32F4xx_HAL_Driver/Src/stm32f4xx_hal_cortex.o
 .debug_frame   0x000002b4      0x138 Drivers/STM32F4xx_HAL_Driver/Src/stm32f4xx_hal_flash.o
 .debug_frame   0x000003ec       0xa8 Drivers/STM32F4xx_HAL_Driver/Src/stm32f4xx_hal_flash_ex.o
 .debug_frame   0x00000494       0xd4 Drivers/STM32F4xx_HAL_Driver/Src/stm32f4xx_hal_gpio.o
 .debug_frame   0x00000568      0x2c0 Drivers/STM32F4xx_HAL_Driver/Src/stm32f4xx_hal_pcd.o
 .debug_frame   0x00000828       0x3c Drivers/STM32F4xx_HAL_Driver/Src/stm32f4xx_hal_pcd_ex.o
 .debug_frame   0x00000864      0x128 Drivers/STM32F4xx_HAL_Driver/Src/stm32f4xx_hal_pwr.o
 .debug_frame   0x0000098c      0x138 Drivers/STM32F4xx_HAL_Driver/Src/stm32f4xx_hal_rcc.o
 .debug_frame   0x00000ac4      0x344 Drivers/STM32F4xx_HAL_Driver/Src/stm32f4xx_hal_rtc_ex.o
 .debug_frame   0x00000e08      0x47c Drivers/STM32F4xx_HAL_Driver/Src/stm32f4xx_ll_usb.o
 .debug_frame   0x00001284      0x12c Middlewares/ST/STM32_USB_Device_Library/Class/DFU/Src/usbd_dfu.o
 .debug_frame   0x000013b0      0x1c0 Middlewares/ST/STM32_USB_Device_Library/Core/Src/usbd_core.o
 .debug_frame   0x00001570       0xb0 Middlewares/ST/STM32_USB_Device_Library/Core/Src/usbd_ctlreq.o
 .debug_frame   0x00001620       0xb8 Middlewares/ST/STM32_USB_Device_Library/Core/Src/usbd_ioreq.o
 .debug_frame   0x000016d8       0x34 Src/gpio.o
 .debug_frame   0x0000170c      0x144 Src/main.o
 .debug_frame   0x00001850       0x2c Src/stm32f4xx_hal_msp.o
 .debug_frame   0x0000187c       0xb0 Src/stm32f4xx_it.o
 .debug_frame   0x0000192c       0x30 Src/system_stm32f4xx.o
 .debug_frame   0x0000195c      0x280 Src/usbd_conf.o
 .debug_frame   0x00001bdc       0xc4 Src/usbd_desc.o
 .debug_frame   0x00001ca0       0xa4 Src/usbd_dfu_flash.o
 .debug_frame   0x00001d44       0x2c c:/eclipse/systemworkbench/plugins/fr.ac6.mcu.externaltools.arm-none.win32_1.13.3.201707031232/tools/compiler/bin/../lib/gcc/arm-none-eabi/5.4.1/../../../../arm-none-eabi/lib/armv7e-m/fpu\libc_nano.a(lib_a-init.o)
